[2026-08-27 08:02:48] Player set up an auction: senfifai | Item: Chainmail Helmet | Amount: 1 | Price: 1.00 | BID: false
[2026-08-27 08:02:59] Player set up an auction: senfifai | Item: Chainmail Leggings | Amount: 1 | Price: 1.00 | BID: false
[2026-08-27 08:03:01] Player set up an auction: senfifai | Item: Chainmail Boots | Amount: 1 | Price: 1.00 | BID: false
[2026-08-27 08:03:04] Player set up an auction: senfifai | Item: Chainmail Chestplate | Amount: 1 | Price: 1.00 | BID: false
[2026-08-27 12:57:41] Player set up an auction: Kixnz | Item: Cobblestone | Amount: 1 | Price: 1000000.00 | BID: false
[2026-08-27 12:58:32] Player canceled an auction: Kixnz | Item: Cobblestone | Amount: 1 | Price: 1000000.00 | BID: false
[2026-08-27 12:58:39] Player set up an auction: Kixnz | Item: Cobblestone | Amount: 1 | Price: 1000000.00 | BID: false
[2026-08-27 12:59:00] Player canceled an auction: Kixnz | Item: Cobblestone | Amount: 1 | Price: 1000000.00 | BID: false
[2026-08-27 12:59:08] Player set up an auction: Kixnz | Item: Cobblestone | Amount: 1 | Price: 1000000.00 | BID: false
[2026-08-27 12:59:28] Player canceled an auction: Kixnz | Item: Cobblestone | Amount: 1 | Price: 1000000.00 | BID: false
[2026-08-27 13:20:08] Player set up an auction: huy504689 | Item: Cobblestone | Amount: 33 | Price: 10000.00 | BID: false
[2026-08-27 14:04:03] Player canceled an auction: huy504689 | Item: Cobblestone | Amount: 33 | Price: 10000.00 | BID: false
[2026-08-27 14:04:07] Player set up an auction: huy504689 | Item: Cobblestone | Amount: 5 | Price: 500.00 | BID: false
[2026-08-27 14:04:59] Player set up an auction: huy504689 | Item: Cobblestone | Amount: 62 | Price: 50.00 | BID: false
[2026-08-27 14:06:49] Buyer: Kixnz | Seller: huy504689 | Item: Cobblestone | Amount: 62 | Price: 50.00 | BID: false
[2026-08-27 21:11:17] Player canceled an auction: badluck_7th9 | Item: Netherite Sword | Amount: 1 | Price: 200000.00 | BID: false
[2026-08-27 21:11:56] Player set up an auction: badluck_7th9 | Item: Netherite Sword | Amount: 1 | Price: 400000.00 | BID: false
[2026-08-27 21:26:13] Player canceled an auction: badluck_7th9 | Item: Netherite Sword | Amount: 1 | Price: 400000.00 | BID: false
[2026-08-27 21:26:40] Player set up an auction: badluck_7th9 | Item: Netherite Sword | Amount: 1 | Price: 100000000.00 | BID: false
[2026-08-27 21:29:18] Player canceled an auction: badluck_7th9 | Item: Netherite Sword | Amount: 1 | Price: 100000000.00 | BID: false
[2026-08-27 21:29:49] Player set up an auction: badluck_7th9 | Item: Netherite Sword | Amount: 1 | Price: 10000000000.00 | BID: false
[2026-08-28 11:16:09] Player set up an auction: HappyBoiz2009 | Item: Elytra | Amount: 1 | Price: 1000000.00 | BID: false
[2026-08-28 12:21:04] Player canceled an auction: HappyBoiz2009 | Item: Elytra | Amount: 1 | Price: 1000000.00 | BID: false
[2026-08-28 12:21:24] Player set up an auction: HappyBoiz2009 | Item: Elytra | Amount: 1 | Price: 1000000.00 | BID: false
[2026-08-28 12:39:59] Player canceled an auction: HappyBoiz2009 | Item: Elytra | Amount: 1 | Price: 1000000.00 | BID: false
[2026-08-28 17:30:50] Player set up an auction: senfifai | Item: dủ má | Amount: 1 | Price: 100000.00 | BID: false
[2026-08-29 21:01:56] Player set up an auction: yguy | Item: Enchanted Book | Amount: 1 | Price: 20000.00 | BID: false
[2026-08-29 21:02:42] Buyer: huy504689 | Seller: yguy | Item: Enchanted Book | Amount: 1 | Price: 20000.00 | BID: false
[2026-08-29 21:03:42] Player set up an auction: yguy | Item: Enchanted Book | Amount: 1 | Price: 50000.00 | BID: false
[2026-08-29 21:03:45] Player set up an auction: yguy | Item: Enchanted Book | Amount: 1 | Price: 50000.00 | BID: false
[2026-08-29 21:05:05] Player set up an auction: yguy | Item: Enchanted Book | Amount: 1 | Price: 100000.00 | BID: false
[2026-08-29 21:06:12] Player set up an auction: yguy | Item: Enchanted Book | Amount: 1 | Price: 50000.00 | BID: false
[2026-08-29 21:25:14] Buyer: huy504689 | Seller: yguy | Item: Enchanted Book | Amount: 1 | Price: 50000.00 | BID: false
[2026-08-30 18:50:57] Player set up an auction: HydraMC_YTB | Item: Enchanted Book | Amount: 1 | Price: 50000.00 | BID: false
[2026-08-30 18:51:02] Player set up an auction: HydraMC_YTB | Item: Enchanted Book | Amount: 1 | Price: 50000.00 | BID: false
[2026-08-30 18:53:43] Buyer: badluck_7th9 | Seller: HydraMC_YTB | Item: Enchanted Book | Amount: 1 | Price: 50000.00 | BID: false
[2026-08-30 19:51:12] Player set up an auction: HydraMC_YTB | Item: Netherite Helmet | Amount: 1 | Price: 200000.00 | BID: false
[2026-08-30 19:51:15] Player set up an auction: HydraMC_YTB | Item: Netherite Chestplate | Amount: 1 | Price: 200000.00 | BID: false
[2026-08-30 19:51:17] Player set up an auction: HydraMC_YTB | Item: Netherite Boots | Amount: 1 | Price: 200000.00 | BID: false
[2026-08-30 19:51:19] Player set up an auction: HydraMC_YTB | Item: Netherite Leggings | Amount: 1 | Price: 200000.00 | BID: false
[2026-08-31 13:38:54] Player set up an auction: MinhAnh_112 | Item: Sand | Amount: 35 | Price: 100000000000000000000.00 | BID: false
[2026-08-31 20:57:34] Player canceled an auction: HydraMC_YTB | Item: Netherite Leggings | Amount: 1 | Price: 200000.00 | BID: false
[2026-08-31 20:57:37] Player canceled an auction: HydraMC_YTB | Item: Netherite Boots | Amount: 1 | Price: 200000.00 | BID: false
[2026-08-31 20:57:38] Player canceled an auction: HydraMC_YTB | Item: Netherite Chestplate | Amount: 1 | Price: 200000.00 | BID: false
[2026-08-31 20:57:40] Player canceled an auction: HydraMC_YTB | Item: Netherite Helmet | Amount: 1 | Price: 200000.00 | BID: false
[2026-09-01 15:33:39] Player set up an auction: Newbie123 | Item: Sea Lantern | Amount: 38 | Price: 10000.00 | BID: false
[2026-09-01 19:56:35] Player set up an auction: MinhAnh_112 | Item: Trial Key | Amount: 1 | Price: 100000.00 | BID: false
[2026-09-01 19:57:43] Player canceled an auction: MinhAnh_112 | Item: Trial Key | Amount: 1 | Price: 100000.00 | BID: false
[2026-09-02 14:09:07] Player set up an auction: MinhAnh_112 | Item: Enchanted Golden Apple | Amount: 9 | Price: 100000000000000000000000000000.00 | BID: false
[2026-09-02 14:59:24] Player set up an auction: Newbie123 | Item: Netherite Upgrade | Amount: 1 | Price: 50000.00 | BID: false
[2026-09-02 15:00:08] Buyer: MinhAnh_112 | Seller: Newbie123 | Item: Netherite Upgrade | Amount: 1 | Price: 50000.00 | BID: false
[2026-09-02 15:01:08] Player set up an auction: Newbie123 | Item: Enchanted Book | Amount: 1 | Price: 10000.00 | BID: false
[2026-09-02 15:01:10] Player set up an auction: Newbie123 | Item: Enchanted Book | Amount: 1 | Price: 10000.00 | BID: false
[2026-09-02 15:01:14] Player set up an auction: Newbie123 | Item: Enchanted Book | Amount: 1 | Price: 10000.00 | BID: false
[2026-09-02 15:01:51] Buyer: MinhAnh_112 | Seller: Newbie123 | Item: Enchanted Book | Amount: 1 | Price: 10000.00 | BID: false
[2026-09-02 15:01:53] Buyer: MinhAnh_112 | Seller: Newbie123 | Item: Enchanted Book | Amount: 1 | Price: 10000.00 | BID: false
[2026-09-02 15:01:54] Buyer: MinhAnh_112 | Seller: Newbie123 | Item: Enchanted Book | Amount: 1 | Price: 10000.00 | BID: false
[2026-09-02 15:18:06] Player set up an auction: Newbie123 | Item: Shulker Box | Amount: 1 | Price: 150000.00 | BID: false
[2026-09-02 15:18:46] Buyer: MinhAnh_112 | Seller: Newbie123 | Item: Shulker Box | Amount: 1 | Price: 150000.00 | BID: false
[2026-09-02 20:54:24] Player canceled an auction: MinhAnh_112 | Item: Enchanted Golden Apple | Amount: 9 | Price: 100000000000000000000000000000.00 | BID: false
[2026-09-03 22:08:03] Player set up an auction: HydraMC_YTB | Item: Mace | Amount: 1 | Price: 100000000000.00 | BID: false
[2026-09-04 17:34:02] Player set up an auction: MinhAnh_112 | Item: Shulker Box | Amount: 1 | Price: 50000.00 | BID: false
[2026-09-04 17:34:39] Buyer: tysooon | Seller: MinhAnh_112 | Item: Shulker Box | Amount: 1 | Price: 50000.00 | BID: false
