[04/08/2026 03:18:06] Trung1309 won  (ID: cherry_boat, Weight: 10.0) from Test Crate (ID: testcrate)
[04/08/2026 03:20:35] Trung1309 won  (ID: grass_block, Weight: 10.0) from Test Crate (ID: testcrate)
[05/08/2026 16:34:02] Trung1309 won  (ID: diamond, Weight: 10.0) from Simplegacha Crate (ID: simplegacha)
[05/08/2026 16:34:31] HydraMC_YTB won  (ID: gold_ingot, Weight: 20.0) from Simplegacha Crate (ID: simplegacha)
[05/08/2026 16:34:45] HydraMC_YTB won  (ID: ender_pearl, Weight: 20.0) from Simplegacha Crate (ID: simplegacha)
[05/08/2026 16:34:58] HydraMC_YTB won  (ID: diamond, Weight: 10.0) from Simplegacha Crate (ID: simplegacha)
[05/08/2026 16:35:12] HydraMC_YTB won  (ID: cooked_beef, Weight: 10.0) from Simplegacha Crate (ID: simplegacha)
[05/08/2026 16:35:53] HydraMC_YTB won  (ID: grass_block, Weight: 10.0) from Test Crate (ID: testcrate)
[06/08/2026 00:48:21] KhangNon won  (ID: diamond, Weight: 10.0) from Simplegacha Crate (ID: simplegacha)
[06/08/2026 00:49:32] MinhAnh_112 won  (ID: iron_ingot, Weight: 10.0) from Simplegacha Crate (ID: simplegacha)
[06/08/2026 23:32:43] MinhAnh_112 won  (ID: enchanted_golden_apple, Weight: 10.0) from Simplegacha Crate (ID: simplegacha)
[06/08/2026 23:33:08] MinhAnh_112 won  (ID: spruce_log, Weight: 10.0) from Simplegacha Crate (ID: simplegacha)
[06/08/2026 23:33:12] KhangNon won  (ID: cooked_beef, Weight: 10.0) from Simplegacha Crate (ID: simplegacha)
[06/08/2026 23:34:03] MinhAnh_112 won  (ID: spruce_log, Weight: 10.0) from Simplegacha Crate (ID: simplegacha)
[06/08/2026 23:34:06] MinhAnh_112 won  (ID: spruce_log, Weight: 10.0) from Simplegacha Crate (ID: simplegacha)
[06/08/2026 23:34:20] KhangNon won  (ID: cooked_beef, Weight: 10.0) from Simplegacha Crate (ID: simplegacha)
[06/08/2026 23:34:36] KhangNon won  (ID: cooked_beef, Weight: 10.0) from Simplegacha Crate (ID: simplegacha)
[06/08/2026 23:43:13] MinhAnh_112 won  (ID: iron_ingot, Weight: 10.0) from Ores Gacha (ID: ores_gacha)
[06/08/2026 23:43:14] KhangNon won  (ID: gold_ingot, Weight: 7.0) from Ores Gacha (ID: ores_gacha)
[06/08/2026 23:43:15] MinhAnh_112 won  (ID: gold_ingot, Weight: 7.0) from Ores Gacha (ID: ores_gacha)
[06/08/2026 23:43:16] MinhAnh_112 won  (ID: gold_ingot, Weight: 7.0) from Ores Gacha (ID: ores_gacha)
[06/08/2026 23:43:17] MinhAnh_112 won  (ID: lapis_lazuli, Weight: 10.0) from Ores Gacha (ID: ores_gacha)
[06/08/2026 23:43:28] KhangNon won  (ID: gold_ingot, Weight: 7.0) from Ores Gacha (ID: ores_gacha)
[06/08/2026 23:43:47] KhangNon won  (ID: iron_ingot, Weight: 10.0) from Ores Gacha (ID: ores_gacha)
[06/08/2026 23:56:27] MinhAnh_112 won  (ID: netherite_boots, Weight: 10.0) from Gear&Armor Gacha (ID: geararmor)
[06/08/2026 23:56:37] KhangNon won  (ID: netherite_chestplate, Weight: 10.0) from Gear&Armor Gacha (ID: geararmor)
[06/08/2026 23:56:45] MinhAnh_112 won  (ID: netherite_sword, Weight: 10.0) from Gear&Armor Gacha (ID: geararmor)
[06/08/2026 23:57:02] MinhAnh_112 won  (ID: netherite_leggings, Weight: 10.0) from Gear&Armor Gacha (ID: geararmor)
[07/08/2026 00:04:07] KhangNon won  (ID: diamond_leggings, Weight: 5.0) from Gear&Armor Gacha (ID: geararmor)
[07/08/2026 00:04:23] KhangNon won  (ID: diamond_boots, Weight: 10.0) from Gear&Armor Gacha (ID: geararmor)
[07/08/2026 00:04:25] MinhAnh_112 won  (ID: diamond_boots, Weight: 10.0) from Gear&Armor Gacha (ID: geararmor)
[07/08/2026 00:04:27] MinhAnh_112 won  (ID: diamond_boots, Weight: 10.0) from Gear&Armor Gacha (ID: geararmor)
[07/08/2026 00:42:51] KhangNon won  (ID: diamond_leggings, Weight: 5.0) from Gear&Armor Gacha (ID: geararmor)
[07/08/2026 00:43:29] KhangNon won  (ID: cooked_beef, Weight: 10.0) from Simple Gacha (ID: simplegacha)
[07/08/2026 00:43:29] KhangNon won  (ID: cooked_beef, Weight: 10.0) from Simple Gacha (ID: simplegacha)
[07/08/2026 00:43:51] KhangNon won  (ID: iron_ingot, Weight: 10.0) from Ores Gacha (ID: ores_gacha)
[07/08/2026 00:44:05] KhangNon won  (ID: gold_ingot, Weight: 7.0) from Ores Gacha (ID: ores_gacha)
[07/08/2026 01:41:02] KhangNon won  (ID: diamond_chestplate, Weight: 5.0) from Gear&Armor Gacha (ID: geararmor)
[07/08/2026 01:59:30] Trung1309 won  (ID: netherite_pickaxe, Weight: 10.0) from Test Crate (ID: test)
[07/08/2026 01:59:57] Trung1309 won  (ID: netherite_pickaxe, Weight: 10.0) from Test Crate (ID: test)
[07/08/2026 01:59:59] Trung1309 won  (ID: netherite_pickaxe, Weight: 10.0) from Test Crate (ID: test)
[07/08/2026 02:00:01] Trung1309 won  (ID: netherite_pickaxe, Weight: 10.0) from Test Crate (ID: test)
[07/08/2026 02:00:02] Trung1309 won  (ID: netherite_pickaxe, Weight: 10.0) from Test Crate (ID: test)
[07/08/2026 02:00:02] Trung1309 won  (ID: netherite_pickaxe, Weight: 10.0) from Test Crate (ID: test)
[07/08/2026 02:00:03] Trung1309 won  (ID: netherite_pickaxe, Weight: 10.0) from Test Crate (ID: test)
[07/08/2026 02:00:04] Trung1309 won  (ID: netherite_pickaxe, Weight: 10.0) from Test Crate (ID: test)
[07/08/2026 02:00:04] Trung1309 won  (ID: netherite_pickaxe, Weight: 10.0) from Test Crate (ID: test)
[07/08/2026 02:00:28] Trung1309 won  (ID: netherite_pickaxe, Weight: 10.0) from Test Crate (ID: test)
[07/08/2026 02:01:01] Trung1309 won  (ID: netherite_pickaxe, Weight: 10.0) from Test Crate (ID: test)
[07/08/2026 02:01:01] Trung1309 won  (ID: netherite_pickaxe, Weight: 10.0) from Test Crate (ID: test)
[07/08/2026 02:01:01] Trung1309 won  (ID: netherite_pickaxe, Weight: 10.0) from Test Crate (ID: test)
[07/08/2026 02:01:01] Trung1309 won  (ID: netherite_pickaxe, Weight: 10.0) from Test Crate (ID: test)
[07/08/2026 02:01:01] Trung1309 won  (ID: netherite_pickaxe, Weight: 10.0) from Test Crate (ID: test)
[07/08/2026 02:01:01] Trung1309 won  (ID: netherite_pickaxe, Weight: 10.0) from Test Crate (ID: test)
[07/08/2026 02:01:01] Trung1309 won  (ID: netherite_pickaxe, Weight: 10.0) from Test Crate (ID: test)
[07/08/2026 02:01:01] Trung1309 won  (ID: netherite_pickaxe, Weight: 10.0) from Test Crate (ID: test)
[07/08/2026 02:01:01] Trung1309 won  (ID: netherite_pickaxe, Weight: 10.0) from Test Crate (ID: test)
[07/08/2026 02:01:01] Trung1309 won  (ID: netherite_pickaxe, Weight: 10.0) from Test Crate (ID: test)
[07/08/2026 02:01:01] Trung1309 won  (ID: netherite_pickaxe, Weight: 10.0) from Test Crate (ID: test)
[07/08/2026 02:01:01] Trung1309 won  (ID: netherite_pickaxe, Weight: 10.0) from Test Crate (ID: test)
[07/08/2026 02:01:01] Trung1309 won  (ID: netherite_pickaxe, Weight: 10.0) from Test Crate (ID: test)
[07/08/2026 02:01:01] Trung1309 won  (ID: netherite_pickaxe, Weight: 10.0) from Test Crate (ID: test)
[07/08/2026 02:01:01] Trung1309 won  (ID: netherite_pickaxe, Weight: 10.0) from Test Crate (ID: test)
[07/08/2026 02:01:01] Trung1309 won  (ID: netherite_pickaxe, Weight: 10.0) from Test Crate (ID: test)
[07/08/2026 02:01:01] Trung1309 won  (ID: netherite_pickaxe, Weight: 10.0) from Test Crate (ID: test)
[07/08/2026 02:01:01] Trung1309 won  (ID: netherite_pickaxe, Weight: 10.0) from Test Crate (ID: test)
[07/08/2026 02:01:01] Trung1309 won  (ID: netherite_pickaxe, Weight: 10.0) from Test Crate (ID: test)
[07/08/2026 02:01:01] Trung1309 won  (ID: netherite_pickaxe, Weight: 10.0) from Test Crate (ID: test)
[07/08/2026 02:01:01] Trung1309 won  (ID: netherite_pickaxe, Weight: 10.0) from Test Crate (ID: test)
[07/08/2026 02:01:01] Trung1309 won  (ID: netherite_pickaxe, Weight: 10.0) from Test Crate (ID: test)
[07/08/2026 02:01:01] Trung1309 won  (ID: netherite_pickaxe, Weight: 10.0) from Test Crate (ID: test)
[07/08/2026 02:01:01] Trung1309 won  (ID: netherite_pickaxe, Weight: 10.0) from Test Crate (ID: test)
[07/08/2026 02:01:01] Trung1309 won  (ID: netherite_pickaxe, Weight: 10.0) from Test Crate (ID: test)
[07/08/2026 02:01:01] Trung1309 won  (ID: netherite_pickaxe, Weight: 10.0) from Test Crate (ID: test)
[07/08/2026 02:01:01] Trung1309 won  (ID: netherite_pickaxe, Weight: 10.0) from Test Crate (ID: test)
[07/08/2026 02:01:01] Trung1309 won  (ID: netherite_pickaxe, Weight: 10.0) from Test Crate (ID: test)
[07/08/2026 02:01:01] Trung1309 won  (ID: netherite_pickaxe, Weight: 10.0) from Test Crate (ID: test)
[07/08/2026 02:01:01] Trung1309 won  (ID: netherite_pickaxe, Weight: 10.0) from Test Crate (ID: test)
[07/08/2026 02:01:21] KhangNon won  (ID: netherite_pickaxe, Weight: 10.0) from Test Crate (ID: test)
[07/08/2026 14:00:30] MinhAnh_112 won  (ID: netherite_pickaxe, Weight: 10.0) from Test Crate (ID: test)
[07/08/2026 14:00:48] MinhAnh_112 won  (ID: netherite_pickaxe, Weight: 10.0) from Test Crate (ID: test)
[07/08/2026 14:00:48] MinhAnh_112 won  (ID: netherite_pickaxe, Weight: 10.0) from Test Crate (ID: test)
[07/08/2026 14:00:48] MinhAnh_112 won  (ID: netherite_pickaxe, Weight: 10.0) from Test Crate (ID: test)
[07/08/2026 14:00:48] MinhAnh_112 won  (ID: netherite_pickaxe, Weight: 10.0) from Test Crate (ID: test)
[07/08/2026 14:00:48] MinhAnh_112 won  (ID: netherite_pickaxe, Weight: 10.0) from Test Crate (ID: test)
[07/08/2026 14:00:48] MinhAnh_112 won  (ID: netherite_pickaxe, Weight: 10.0) from Test Crate (ID: test)
[07/08/2026 14:00:48] MinhAnh_112 won  (ID: netherite_pickaxe, Weight: 10.0) from Test Crate (ID: test)
[07/08/2026 14:00:48] MinhAnh_112 won  (ID: netherite_pickaxe, Weight: 10.0) from Test Crate (ID: test)
[07/08/2026 14:00:48] MinhAnh_112 won  (ID: netherite_pickaxe, Weight: 10.0) from Test Crate (ID: test)
[07/08/2026 14:00:48] MinhAnh_112 won  (ID: netherite_pickaxe, Weight: 10.0) from Test Crate (ID: test)
[07/08/2026 14:00:48] MinhAnh_112 won  (ID: netherite_pickaxe, Weight: 10.0) from Test Crate (ID: test)
[07/08/2026 14:00:48] MinhAnh_112 won  (ID: netherite_pickaxe, Weight: 10.0) from Test Crate (ID: test)
[07/08/2026 14:00:48] MinhAnh_112 won  (ID: netherite_pickaxe, Weight: 10.0) from Test Crate (ID: test)
[07/08/2026 14:00:48] MinhAnh_112 won  (ID: netherite_pickaxe, Weight: 10.0) from Test Crate (ID: test)
[07/08/2026 14:00:48] MinhAnh_112 won  (ID: netherite_pickaxe, Weight: 10.0) from Test Crate (ID: test)
[07/08/2026 14:00:48] MinhAnh_112 won  (ID: netherite_pickaxe, Weight: 10.0) from Test Crate (ID: test)
[07/08/2026 14:00:48] MinhAnh_112 won  (ID: netherite_pickaxe, Weight: 10.0) from Test Crate (ID: test)
[07/08/2026 14:00:48] MinhAnh_112 won  (ID: netherite_pickaxe, Weight: 10.0) from Test Crate (ID: test)
[07/08/2026 14:00:48] MinhAnh_112 won  (ID: netherite_pickaxe, Weight: 10.0) from Test Crate (ID: test)
[07/08/2026 14:00:48] MinhAnh_112 won  (ID: netherite_pickaxe, Weight: 10.0) from Test Crate (ID: test)
[07/08/2026 14:00:48] MinhAnh_112 won  (ID: netherite_pickaxe, Weight: 10.0) from Test Crate (ID: test)
[07/08/2026 14:00:48] MinhAnh_112 won  (ID: netherite_pickaxe, Weight: 10.0) from Test Crate (ID: test)
[07/08/2026 14:00:48] MinhAnh_112 won  (ID: netherite_pickaxe, Weight: 10.0) from Test Crate (ID: test)
[07/08/2026 14:00:48] MinhAnh_112 won  (ID: netherite_pickaxe, Weight: 10.0) from Test Crate (ID: test)
[07/08/2026 14:00:48] MinhAnh_112 won  (ID: netherite_pickaxe, Weight: 10.0) from Test Crate (ID: test)
[07/08/2026 14:00:48] MinhAnh_112 won  (ID: netherite_pickaxe, Weight: 10.0) from Test Crate (ID: test)
[07/08/2026 14:00:48] MinhAnh_112 won  (ID: netherite_pickaxe, Weight: 10.0) from Test Crate (ID: test)
[07/08/2026 14:00:48] MinhAnh_112 won  (ID: netherite_pickaxe, Weight: 10.0) from Test Crate (ID: test)
[07/08/2026 14:00:48] MinhAnh_112 won  (ID: netherite_pickaxe, Weight: 10.0) from Test Crate (ID: test)
[07/08/2026 14:00:48] MinhAnh_112 won  (ID: netherite_pickaxe, Weight: 10.0) from Test Crate (ID: test)
[07/08/2026 14:00:54] MinhAnh_112 won  (ID: netherite_pickaxe, Weight: 10.0) from Test Crate (ID: test)
[07/08/2026 14:00:54] MinhAnh_112 won  (ID: netherite_pickaxe, Weight: 10.0) from Test Crate (ID: test)
[07/08/2026 14:00:54] MinhAnh_112 won  (ID: netherite_pickaxe, Weight: 10.0) from Test Crate (ID: test)
[07/08/2026 14:00:54] MinhAnh_112 won  (ID: netherite_pickaxe, Weight: 10.0) from Test Crate (ID: test)
[07/08/2026 14:00:54] MinhAnh_112 won  (ID: netherite_pickaxe, Weight: 10.0) from Test Crate (ID: test)
[07/08/2026 14:00:54] MinhAnh_112 won  (ID: netherite_pickaxe, Weight: 10.0) from Test Crate (ID: test)
[07/08/2026 14:00:54] MinhAnh_112 won  (ID: netherite_pickaxe, Weight: 10.0) from Test Crate (ID: test)
[07/08/2026 14:00:54] MinhAnh_112 won  (ID: netherite_pickaxe, Weight: 10.0) from Test Crate (ID: test)
[07/08/2026 14:00:54] MinhAnh_112 won  (ID: netherite_pickaxe, Weight: 10.0) from Test Crate (ID: test)
[07/08/2026 14:00:54] MinhAnh_112 won  (ID: netherite_pickaxe, Weight: 10.0) from Test Crate (ID: test)
[07/08/2026 14:00:54] MinhAnh_112 won  (ID: netherite_pickaxe, Weight: 10.0) from Test Crate (ID: test)
[07/08/2026 14:00:54] MinhAnh_112 won  (ID: netherite_pickaxe, Weight: 10.0) from Test Crate (ID: test)
[07/08/2026 14:00:54] MinhAnh_112 won  (ID: netherite_pickaxe, Weight: 10.0) from Test Crate (ID: test)
[07/08/2026 14:00:54] MinhAnh_112 won  (ID: netherite_pickaxe, Weight: 10.0) from Test Crate (ID: test)
[07/08/2026 14:00:54] MinhAnh_112 won  (ID: netherite_pickaxe, Weight: 10.0) from Test Crate (ID: test)
[07/08/2026 14:00:54] MinhAnh_112 won  (ID: netherite_pickaxe, Weight: 10.0) from Test Crate (ID: test)
[07/08/2026 14:00:54] MinhAnh_112 won  (ID: netherite_pickaxe, Weight: 10.0) from Test Crate (ID: test)
[07/08/2026 14:00:54] MinhAnh_112 won  (ID: netherite_pickaxe, Weight: 10.0) from Test Crate (ID: test)
[07/08/2026 14:00:54] MinhAnh_112 won  (ID: netherite_pickaxe, Weight: 10.0) from Test Crate (ID: test)
[07/08/2026 14:00:54] MinhAnh_112 won  (ID: netherite_pickaxe, Weight: 10.0) from Test Crate (ID: test)
[07/08/2026 14:00:54] MinhAnh_112 won  (ID: netherite_pickaxe, Weight: 10.0) from Test Crate (ID: test)
[07/08/2026 14:00:54] MinhAnh_112 won  (ID: netherite_pickaxe, Weight: 10.0) from Test Crate (ID: test)
[07/08/2026 14:00:54] MinhAnh_112 won  (ID: netherite_pickaxe, Weight: 10.0) from Test Crate (ID: test)
[07/08/2026 14:00:54] MinhAnh_112 won  (ID: netherite_pickaxe, Weight: 10.0) from Test Crate (ID: test)
[07/08/2026 14:00:54] MinhAnh_112 won  (ID: netherite_pickaxe, Weight: 10.0) from Test Crate (ID: test)
[07/08/2026 14:00:54] MinhAnh_112 won  (ID: netherite_pickaxe, Weight: 10.0) from Test Crate (ID: test)
[07/08/2026 14:00:54] MinhAnh_112 won  (ID: netherite_pickaxe, Weight: 10.0) from Test Crate (ID: test)
[07/08/2026 14:00:54] MinhAnh_112 won  (ID: netherite_pickaxe, Weight: 10.0) from Test Crate (ID: test)
[07/08/2026 14:00:54] MinhAnh_112 won  (ID: netherite_pickaxe, Weight: 10.0) from Test Crate (ID: test)
[07/08/2026 14:00:54] MinhAnh_112 won  (ID: netherite_pickaxe, Weight: 10.0) from Test Crate (ID: test)
[07/08/2026 14:04:05] MinhAnh_112 won  (ID: netherite_pickaxe, Weight: 10.0) from Test Crate (ID: test)
[07/08/2026 20:31:18] KhangNon won  (ID: spruce_log, Weight: 10.0) from Simple Gacha (ID: simplegacha)
[07/08/2026 20:31:34] KhangNon won  (ID: lapis_lazuli, Weight: 10.0) from Ores Gacha (ID: ores_gacha)
[07/08/2026 20:31:50] KhangNon won  (ID: diamond_leggings, Weight: 5.0) from Gear&Armor Gacha (ID: geararmor)
[09/08/2026 03:33:28] KhangNon won  (ID: enchanted_golden_apple, Weight: 10.0) from OP Gacha (ID: op_gacha)
[09/08/2026 03:33:54] KhangNon won  (ID: enchanted_golden_apple, Weight: 10.0) from OP Gacha (ID: op_gacha)
[09/08/2026 03:34:10] Trung1309 won  (ID: enchanted_golden_apple, Weight: 10.0) from OP Gacha (ID: op_gacha)
[09/08/2026 03:35:01] Trung1309 won  (ID: enchanted_golden_apple, Weight: 10.0) from OP Gacha (ID: op_gacha)
[09/08/2026 03:35:02] KhangNon won  (ID: enchanted_golden_apple, Weight: 10.0) from OP Gacha (ID: op_gacha)
[09/08/2026 03:35:36] Trung1309 won  (ID: lapis_lazuli, Weight: 10.0) from Ores Gacha (ID: ores_gacha)
[09/08/2026 03:35:49] Trung1309 won  (ID: enchanted_golden_apple, Weight: 10.0) from OP Gacha (ID: op_gacha)
[09/08/2026 17:15:41] KhangNon won  (ID: enchanted_golden_apple, Weight: 1.0) from Simple Gacha (ID: simplegacha)
[09/08/2026 19:53:36] MinhAnh_112 won  (ID: cooked_beef, Weight: 10.0) from Simple Gacha (ID: simplegacha)
[09/08/2026 19:53:37] MinhAnh_112 won  (ID: spruce_log, Weight: 10.0) from Simple Gacha (ID: simplegacha)
[09/08/2026 19:53:37] MinhAnh_112 won  (ID: cooked_beef, Weight: 10.0) from Simple Gacha (ID: simplegacha)
[09/08/2026 19:53:38] MinhAnh_112 won  (ID: cooked_beef, Weight: 10.0) from Simple Gacha (ID: simplegacha)
[09/08/2026 19:53:38] MinhAnh_112 won  (ID: iron_ingot, Weight: 5.0) from Simple Gacha (ID: simplegacha)
[09/08/2026 19:53:39] MinhAnh_112 won  (ID: cooked_beef, Weight: 10.0) from Simple Gacha (ID: simplegacha)
[09/08/2026 19:53:39] MinhAnh_112 won  (ID: spruce_log, Weight: 10.0) from Simple Gacha (ID: simplegacha)
[09/08/2026 19:53:39] MinhAnh_112 won  (ID: enchanted_golden_apple, Weight: 1.0) from Simple Gacha (ID: simplegacha)
[09/08/2026 19:53:40] MinhAnh_112 won  (ID: enchanted_golden_apple, Weight: 1.0) from Simple Gacha (ID: simplegacha)
[09/08/2026 19:53:40] MinhAnh_112 won  (ID: iron_ingot, Weight: 5.0) from Simple Gacha (ID: simplegacha)
[09/08/2026 19:53:41] MinhAnh_112 won  (ID: spruce_log, Weight: 10.0) from Simple Gacha (ID: simplegacha)
[09/08/2026 19:53:41] MinhAnh_112 won  (ID: diamond, Weight: 3.0) from Simple Gacha (ID: simplegacha)
[09/08/2026 19:53:42] MinhAnh_112 won  (ID: iron_ingot, Weight: 5.0) from Simple Gacha (ID: simplegacha)
[09/08/2026 19:53:42] MinhAnh_112 won  (ID: diamond, Weight: 3.0) from Simple Gacha (ID: simplegacha)
[09/08/2026 19:53:42] MinhAnh_112 won  (ID: cooked_beef, Weight: 10.0) from Simple Gacha (ID: simplegacha)
[09/08/2026 19:53:43] MinhAnh_112 won  (ID: cooked_beef, Weight: 10.0) from Simple Gacha (ID: simplegacha)
[09/08/2026 19:53:55] KhangNon won  (ID: cooked_beef, Weight: 10.0) from Simple Gacha (ID: simplegacha)
[10/08/2026 07:57:40] zEghoXs won  (ID: cooked_beef, Weight: 10.0) from Simple Gacha (ID: simplegacha)
[10/08/2026 07:57:40] zEghoXs won  (ID: cooked_beef, Weight: 10.0) from Simple Gacha (ID: simplegacha)
[10/08/2026 07:57:41] KhangNon won  (ID: enchanted_golden_apple, Weight: 1.0) from Simple Gacha (ID: simplegacha)
[10/08/2026 07:57:52] KhangNon won  (ID: spruce_log, Weight: 10.0) from Simple Gacha (ID: simplegacha)
[10/08/2026 07:58:10] KhangNon won  (ID: spruce_log, Weight: 10.0) from Simple Gacha (ID: simplegacha)
[10/08/2026 07:58:30] KhangNon won  (ID: cooked_beef, Weight: 10.0) from Simple Gacha (ID: simplegacha)
[10/08/2026 11:55:45] hanhyort won  (ID: iron_ingot, Weight: 5.0) from Simple Gacha (ID: simplegacha)
[10/08/2026 11:55:50] KhangNon won  (ID: cooked_beef, Weight: 10.0) from Simple Gacha (ID: simplegacha)
[10/08/2026 13:03:08] KhangTEST won  (ID: spruce_log, Weight: 10.0) from Simple Gacha (ID: simplegacha)
[10/08/2026 13:42:33] KhangTEST won  (ID: spruce_log, Weight: 10.0) from Simple Gacha (ID: simplegacha)
[10/08/2026 15:03:54] MinhAnh_112 won  (ID: spruce_log, Weight: 10.0) from Simple Gacha (ID: simplegacha)
[10/08/2026 15:03:55] KhangNon won  (ID: enchanted_golden_apple, Weight: 1.0) from Simple Gacha (ID: simplegacha)
[10/08/2026 15:04:32] KhangNon won  (ID: spruce_log, Weight: 10.0) from Simple Gacha (ID: simplegacha)
[10/08/2026 15:04:32] KhangNon won  (ID: iron_ingot, Weight: 5.0) from Simple Gacha (ID: simplegacha)
[10/08/2026 15:04:32] KhangNon won  (ID: cooked_beef, Weight: 10.0) from Simple Gacha (ID: simplegacha)
[10/08/2026 15:04:32] KhangNon won  (ID: iron_ingot, Weight: 5.0) from Simple Gacha (ID: simplegacha)
[10/08/2026 15:04:32] KhangNon won  (ID: diamond, Weight: 3.0) from Simple Gacha (ID: simplegacha)
[10/08/2026 15:04:32] KhangNon won  (ID: cooked_beef, Weight: 10.0) from Simple Gacha (ID: simplegacha)
[10/08/2026 15:04:32] KhangNon won  (ID: cooked_beef, Weight: 10.0) from Simple Gacha (ID: simplegacha)
[10/08/2026 15:04:32] KhangNon won  (ID: spruce_log, Weight: 10.0) from Simple Gacha (ID: simplegacha)
[10/08/2026 15:04:32] KhangNon won  (ID: spruce_log, Weight: 10.0) from Simple Gacha (ID: simplegacha)
[10/08/2026 15:04:32] KhangNon won  (ID: spruce_log, Weight: 10.0) from Simple Gacha (ID: simplegacha)
[10/08/2026 15:04:32] KhangNon won  (ID: spruce_log, Weight: 10.0) from Simple Gacha (ID: simplegacha)
[10/08/2026 15:04:32] KhangNon won  (ID: spruce_log, Weight: 10.0) from Simple Gacha (ID: simplegacha)
[10/08/2026 15:04:32] KhangNon won  (ID: cooked_beef, Weight: 10.0) from Simple Gacha (ID: simplegacha)
[10/08/2026 15:04:32] KhangNon won  (ID: cooked_beef, Weight: 10.0) from Simple Gacha (ID: simplegacha)
[10/08/2026 15:04:32] KhangNon won  (ID: spruce_log, Weight: 10.0) from Simple Gacha (ID: simplegacha)
[10/08/2026 15:04:32] KhangNon won  (ID: iron_ingot, Weight: 5.0) from Simple Gacha (ID: simplegacha)
[10/08/2026 15:04:32] KhangNon won  (ID: cooked_beef, Weight: 10.0) from Simple Gacha (ID: simplegacha)
[10/08/2026 15:04:32] KhangNon won  (ID: diamond, Weight: 3.0) from Simple Gacha (ID: simplegacha)
[10/08/2026 15:04:32] KhangNon won  (ID: cooked_beef, Weight: 10.0) from Simple Gacha (ID: simplegacha)
[10/08/2026 15:04:32] KhangNon won  (ID: diamond, Weight: 3.0) from Simple Gacha (ID: simplegacha)
[10/08/2026 15:04:32] KhangNon won  (ID: spruce_log, Weight: 10.0) from Simple Gacha (ID: simplegacha)
[10/08/2026 15:04:32] KhangNon won  (ID: cooked_beef, Weight: 10.0) from Simple Gacha (ID: simplegacha)
[10/08/2026 15:04:32] KhangNon won  (ID: cooked_beef, Weight: 10.0) from Simple Gacha (ID: simplegacha)
[10/08/2026 15:04:32] KhangNon won  (ID: spruce_log, Weight: 10.0) from Simple Gacha (ID: simplegacha)
[10/08/2026 15:04:32] KhangNon won  (ID: cooked_beef, Weight: 10.0) from Simple Gacha (ID: simplegacha)
[10/08/2026 15:04:32] KhangNon won  (ID: cooked_beef, Weight: 10.0) from Simple Gacha (ID: simplegacha)
[10/08/2026 15:04:32] KhangNon won  (ID: spruce_log, Weight: 10.0) from Simple Gacha (ID: simplegacha)
[10/08/2026 15:04:32] KhangNon won  (ID: spruce_log, Weight: 10.0) from Simple Gacha (ID: simplegacha)
[10/08/2026 15:04:32] KhangNon won  (ID: spruce_log, Weight: 10.0) from Simple Gacha (ID: simplegacha)
[10/08/2026 15:04:32] KhangNon won  (ID: spruce_log, Weight: 10.0) from Simple Gacha (ID: simplegacha)
[10/08/2026 15:04:48] KhangNon won  (ID: spruce_log, Weight: 10.0) from Simple Gacha (ID: simplegacha)
[10/08/2026 16:31:59] TTT won  (ID: cooked_beef, Weight: 10.0) from Simple Gacha (ID: simplegacha)
[10/08/2026 17:04:55] KhangNon won  (ID: iron_ingot, Weight: 5.0) from Simple Gacha (ID: simplegacha)
[10/08/2026 17:11:37] TOITENLATRIET won  (ID: iron_ingot, Weight: 5.0) from Simple Gacha (ID: simplegacha)
[10/08/2026 17:11:37] HydraMC_YTB won  (ID: spruce_log, Weight: 10.0) from Simple Gacha (ID: simplegacha)
[10/08/2026 17:17:59] senfifai won  (ID: iron_ingot, Weight: 5.0) from Simple Gacha (ID: simplegacha)
[10/08/2026 21:56:32] badluck_7th9 won  (ID: spruce_log, Weight: 10.0) from Simple Gacha (ID: simplegacha)
[11/08/2026 11:07:46] MinhAnh_112 won  (ID: spruce_log, Weight: 10.0) from Simple Gacha (ID: simplegacha)
[11/08/2026 13:20:49] KhangNon won  (ID: spruce_log, Weight: 10.0) from Simple Gacha (ID: simplegacha)
[11/08/2026 13:21:58] KhangNon won  (ID: cooked_beef, Weight: 10.0) from Simple Gacha (ID: simplegacha)
[11/08/2026 15:37:00] senfifai won  (ID: cooked_beef, Weight: 10.0) from Simple Gacha (ID: simplegacha)
[11/08/2026 15:42:05] TOITENLATRIET won  (ID: spruce_log, Weight: 10.0) from Simple Gacha (ID: simplegacha)
[11/08/2026 19:36:19] hanhyort won  (ID: diamond, Weight: 3.0) from Simple Gacha (ID: simplegacha)
[11/08/2026 22:48:17] KhangNon won  (ID: cooked_beef, Weight: 10.0) from Simple Gacha (ID: simplegacha)
[11/08/2026 23:44:15] KhangNon won  (ID: lapis_lazuli, Weight: 10.0) from Ores Gacha (ID: ores_gacha)
[11/08/2026 23:44:19] _rammie won  (ID: iron_ingot, Weight: 10.0) from Ores Gacha (ID: ores_gacha)
[11/08/2026 23:44:29] KhangNon won  (ID: iron_ingot, Weight: 10.0) from Ores Gacha (ID: ores_gacha)
[11/08/2026 23:44:45] _rammie won  (ID: lapis_lazuli, Weight: 10.0) from Ores Gacha (ID: ores_gacha)
[11/08/2026 23:45:35] _rammie won  (ID: diamond_chestplate, Weight: 5.0) from Gear&Armor Gacha (ID: geararmor)
[11/08/2026 23:45:36] KhangNon won  (ID: netherite_sword, Weight: 1.0) from Gear&Armor Gacha (ID: geararmor)
[12/08/2026 01:51:07] KhangNon won  (ID: netherite_pickaxe, Weight: 10.0) from Amethyst Gear Crate (ID: amethyst_gear)
[12/08/2026 01:51:08] KhangNon won  (ID: netherite_pickaxe, Weight: 10.0) from Amethyst Gear Crate (ID: amethyst_gear)
[12/08/2026 01:51:13] KhangNon won  (ID: netherite_pickaxe, Weight: 10.0) from Amethyst Gear Crate (ID: amethyst_gear)
[12/08/2026 01:53:58] KhangNon won  (ID: netherite_pickaxe, Weight: 10.0) from Amethyst Gear Crate (ID: amethyst_gear)
[12/08/2026 01:54:39] KhangNon won  (ID: netherite_pickaxe, Weight: 10.0) from Amethyst Gear Crate (ID: amethyst_gear)
[12/08/2026 01:54:45] KhangNon won  (ID: netherite_pickaxe, Weight: 10.0) from Amethyst Gear Crate (ID: amethyst_gear)
[12/08/2026 03:00:19] TTT won  (ID: cooked_beef, Weight: 10.0) from Simple Gacha (ID: simplegacha)
[12/08/2026 16:10:17] TOITENLATRIET won  (ID: cooked_beef, Weight: 10.0) from Simple Gacha (ID: simplegacha)
[12/08/2026 19:36:52] MinhAnh_112 won  (ID: cooked_beef, Weight: 10.0) from Simple Gacha (ID: simplegacha)
[12/08/2026 20:19:17] senfifai won  (ID: cooked_beef, Weight: 10.0) from Simple Gacha (ID: simplegacha)
[12/08/2026 21:25:31] KhangNon won  (ID: netherite_pickaxe, Weight: 10.0) from Amethyst Gear Crate (ID: amethyst_gear)
[12/08/2026 22:25:09] senfifai won  (ID: netherite_pickaxe, Weight: 10.0) from Amethyst Gear Crate (ID: amethyst_gear)
[13/08/2026 01:41:45] Trung1309 won  (ID: cooked_beef, Weight: 10.0) from Simple Gacha (ID: simplegacha)
[13/08/2026 02:25:52] tysooon won  (ID: cooked_beef, Weight: 10.0) from Simple Gacha (ID: simplegacha)
[13/08/2026 10:56:01] hanhyort won  (ID: spruce_log, Weight: 10.0) from Simple Gacha (ID: simplegacha)
[13/08/2026 11:39:10] huy504689 won  (ID: netherite_pickaxe, Weight: 10.0) from Amethyst Gear Crate (ID: amethyst_gear)
[13/08/2026 11:39:11] MinhAnh_112 won  (ID: netherite_pickaxe, Weight: 10.0) from Amethyst Gear Crate (ID: amethyst_gear)
[13/08/2026 13:13:00] badluck_7th9 won  (ID: spruce_log, Weight: 10.0) from Simple Gacha (ID: simplegacha)
[13/08/2026 13:16:07] KhangNon won  (ID: netherite_pickaxe, Weight: 10.0) from Amethyst Gear Crate (ID: amethyst_gear)
[13/08/2026 14:03:14] MinhAnh_112 won  (ID: cooked_beef, Weight: 10.0) from Simple Gacha (ID: simplegacha)
[13/08/2026 15:15:09] tysooon won  (ID: spruce_log, Weight: 10.0) from Simple Gacha (ID: simplegacha)
[13/08/2026 18:27:12] senfifai won  (ID: spruce_log, Weight: 10.0) from Simple Gacha (ID: simplegacha)
[13/08/2026 23:25:43] KhangNon won  (ID: netherite_pickaxe, Weight: 10.0) from Amethyst Gear Crate (ID: amethyst_gear)
[14/08/2026 04:40:58] tysooon won  (ID: diamond, Weight: 3.0) from Simple Gacha (ID: simplegacha)
[14/08/2026 08:23:21] hanhyort won  (ID: cooked_beef, Weight: 10.0) from Simple Gacha (ID: simplegacha)
[14/08/2026 13:54:46] KhangNon won  (ID: diamond_leggings, Weight: 5.0) from Gear&Armor Gacha (ID: geararmor)
[14/08/2026 13:54:46] KhangNon won  (ID: diamond_pickaxe, Weight: 5.0) from Gear&Armor Gacha (ID: geararmor)
[14/08/2026 13:54:46] KhangNon won  (ID: netherite_boots, Weight: 1.0) from Gear&Armor Gacha (ID: geararmor)
[14/08/2026 13:54:46] KhangNon won  (ID: diamond_helmet, Weight: 5.0) from Gear&Armor Gacha (ID: geararmor)
[14/08/2026 13:54:46] KhangNon won  (ID: diamond_pickaxe, Weight: 5.0) from Gear&Armor Gacha (ID: geararmor)
[14/08/2026 13:54:46] KhangNon won  (ID: diamond_helmet, Weight: 5.0) from Gear&Armor Gacha (ID: geararmor)
[14/08/2026 13:54:46] KhangNon won  (ID: diamond_boots, Weight: 10.0) from Gear&Armor Gacha (ID: geararmor)
[14/08/2026 13:54:46] KhangNon won  (ID: diamond_leggings, Weight: 5.0) from Gear&Armor Gacha (ID: geararmor)
[14/08/2026 13:54:46] KhangNon won  (ID: diamond_leggings, Weight: 5.0) from Gear&Armor Gacha (ID: geararmor)
[14/08/2026 13:54:46] KhangNon won  (ID: diamond_helmet, Weight: 5.0) from Gear&Armor Gacha (ID: geararmor)
[14/08/2026 13:55:09] KhangNon won  (ID: diamond_chestplate, Weight: 5.0) from Gear&Armor Gacha (ID: geararmor)
[14/08/2026 13:55:09] KhangNon won  (ID: diamond_helmet, Weight: 5.0) from Gear&Armor Gacha (ID: geararmor)
[14/08/2026 13:55:09] KhangNon won  (ID: diamond_helmet, Weight: 5.0) from Gear&Armor Gacha (ID: geararmor)
[14/08/2026 13:55:09] KhangNon won  (ID: netherite_helmet, Weight: 1.0) from Gear&Armor Gacha (ID: geararmor)
[14/08/2026 13:55:09] KhangNon won  (ID: diamond_boots, Weight: 10.0) from Gear&Armor Gacha (ID: geararmor)
[14/08/2026 13:55:09] KhangNon won  (ID: diamond_pickaxe, Weight: 5.0) from Gear&Armor Gacha (ID: geararmor)
[14/08/2026 19:53:32] tysooon won  (ID: iron_ingot, Weight: 5.0) from Simple Gacha (ID: simplegacha)
[14/08/2026 19:55:43] badluck_7th9 won  (ID: diamond, Weight: 3.0) from Simple Gacha (ID: simplegacha)
[14/08/2026 20:23:09] HappyBoiz2009 won  (ID: cooked_beef, Weight: 10.0) from Simple Gacha (ID: simplegacha)
[14/08/2026 20:23:41] hanhyort won  (ID: cooked_beef, Weight: 10.0) from Simple Gacha (ID: simplegacha)
[14/08/2026 20:34:40] ngthnhln14 won  (ID: diamond_boots, Weight: 10.0) from Gear&Armor Gacha (ID: geararmor)
[14/08/2026 20:35:01] ngthnhln14 won  (ID: diamond_leggings, Weight: 5.0) from Gear&Armor Gacha (ID: geararmor)
[14/08/2026 20:35:18] DELkaIDxd_deps won  (ID: diamond_pickaxe, Weight: 5.0) from Gear&Armor Gacha (ID: geararmor)
[14/08/2026 20:35:45] DELkaIDxd_deps won  (ID: diamond_helmet, Weight: 5.0) from Gear&Armor Gacha (ID: geararmor)
[15/08/2026 12:44:08] tysooon won  (ID: cooked_beef, Weight: 10.0) from Simple Gacha (ID: simplegacha)
[15/08/2026 20:44:51] hanhyort won  (ID: spruce_log, Weight: 10.0) from Simple Gacha (ID: simplegacha)
[15/08/2026 20:55:55] VitLoveEi won  (ID: diamond_boots, Weight: 10.0) from Gear&Armor Gacha (ID: geararmor)
[15/08/2026 20:56:11] VitLoveEi won  (ID: diamond_boots, Weight: 10.0) from Gear&Armor Gacha (ID: geararmor)
[15/08/2026 20:56:42] VitLoveEi won  (ID: netherite_pickaxe, Weight: 10.0) from Amethyst Gear Crate (ID: amethyst_gear)
[16/08/2026 08:51:10] HydraMC_YTB won  (ID: diamond, Weight: 3.0) from Simple Gacha (ID: simplegacha)
[16/08/2026 11:55:32] tysooon won  (ID: diamond, Weight: 3.0) from Simple Gacha (ID: simplegacha)
[16/08/2026 21:38:27] HappyBoiz2009 won  (ID: spruce_log, Weight: 10.0) from Simple Gacha (ID: simplegacha)
[17/08/2026 00:19:51] tysooon won  (ID: spruce_log, Weight: 10.0) from Simple Gacha (ID: simplegacha)
[17/08/2026 22:26:43] senfifai won  (ID: spruce_log, Weight: 10.0) from Simple Gacha (ID: simplegacha)
[17/08/2026 22:27:56] ShentoSyney_VN won  (ID: cooked_beef, Weight: 10.0) from Simple Gacha (ID: simplegacha)
[17/08/2026 22:28:13] _WightD_ won  (ID: spruce_log, Weight: 10.0) from Simple Gacha (ID: simplegacha)
[17/08/2026 22:28:14] ItzBaxHere won  (ID: diamond, Weight: 3.0) from Simple Gacha (ID: simplegacha)
[17/08/2026 22:28:20] ShentoSyney_VN won  (ID: netherite_pickaxe, Weight: 10.0) from Amethyst Gear Crate (ID: amethyst_gear)
[17/08/2026 22:41:02] tysooon won  (ID: diamond, Weight: 3.0) from Simple Gacha (ID: simplegacha)
[18/08/2026 17:10:09] Trung1309 won  (ID: diamond_chestplate, Weight: 5.0) from Gear&Armor Gacha (ID: geararmor)
[18/08/2026 17:10:28] Trung1309 won  (ID: netherite_pickaxe, Weight: 10.0) from Amethyst Gear Crate (ID: amethyst_gear)
[18/08/2026 20:40:03] TTT won  (ID: spruce_log, Weight: 10.0) from Simple Gacha (ID: simplegacha)
[18/08/2026 20:43:47] TTT won  (ID: cooked_beef, Weight: 10.0) from Simple Gacha (ID: simplegacha)
[18/08/2026 21:16:53] Trung1309 won  (ID: spruce_log, Weight: 10.0) from Simple Gacha (ID: simplegacha)
[18/08/2026 21:17:07] senfifai won  (ID: spruce_log, Weight: 10.0) from Simple Gacha (ID: simplegacha)
[18/08/2026 21:30:31] zghNon won  (ID: spruce_log, Weight: 10.0) from Simple Gacha (ID: simplegacha)
[18/08/2026 21:32:48] _WightD_ won  (ID: cooked_beef, Weight: 10.0) from Simple Gacha (ID: simplegacha)
[18/08/2026 21:47:32] ItzBaxHere won  (ID: spruce_log, Weight: 10.0) from Simple Gacha (ID: simplegacha)
[18/08/2026 21:50:45] tysooon won  (ID: cooked_beef, Weight: 10.0) from Simple Gacha (ID: simplegacha)
[19/08/2026 16:14:09] sin_ won  (ID: spruce_log, Weight: 10.0) from Simple Gacha (ID: simplegacha)
[19/08/2026 18:08:18] _rammie won  (ID: cooked_beef, Weight: 10.0) from Simple Gacha (ID: simplegacha)
[19/08/2026 18:41:01] HydraMC_YTB won  (ID: spruce_log, Weight: 10.0) from Simple Gacha (ID: simplegacha)
[19/08/2026 19:48:01] badluck_7th9 won  (ID: spruce_log, Weight: 10.0) from Simple Gacha (ID: simplegacha)
[19/08/2026 23:22:28] tysooon won  (ID: iron_ingot, Weight: 5.0) from Simple Gacha (ID: simplegacha)
[20/08/2026 10:13:23] zghNon won  (ID: iron_ingot, Weight: 5.0) from Simple Gacha (ID: simplegacha)
[20/08/2026 11:41:37] popkits won  (ID: cooked_beef, Weight: 10.0) from Simple Gacha (ID: simplegacha)
[20/08/2026 11:41:50] Kixnz won  (ID: cooked_beef, Weight: 10.0) from Simple Gacha (ID: simplegacha)
[20/08/2026 14:59:56] Baorezx won  (ID: spruce_log, Weight: 10.0) from Simple Gacha (ID: simplegacha)
[20/08/2026 19:58:36] HydraMC_YTB won  (ID: spruce_log, Weight: 10.0) from Simple Gacha (ID: simplegacha)
[20/08/2026 21:16:17] xnan won  (ID: enchanted_golden_apple, Weight: 1.0) from Simple Gacha (ID: simplegacha)
[21/08/2026 02:45:24] fallintoempty won  (ID: spruce_log, Weight: 10.0) from Simple Gacha (ID: simplegacha)
[21/08/2026 08:57:00] _WightD_ won  (ID: cooked_beef, Weight: 10.0) from Simple Gacha (ID: simplegacha)
[21/08/2026 09:31:33] Entitilo_0fbj won  (ID: iron_ingot, Weight: 5.0) from Simple Gacha (ID: simplegacha)
[21/08/2026 12:59:42] Khahnz won  (ID: cooked_beef, Weight: 10.0) from Simple Gacha (ID: simplegacha)
[21/08/2026 14:47:40] tienphat123123 won  (ID: spruce_log, Weight: 10.0) from Simple Gacha (ID: simplegacha)
[21/08/2026 15:14:10] tysooon won  (ID: iron_ingot, Weight: 5.0) from Simple Gacha (ID: simplegacha)
[21/08/2026 17:13:34] Kixnz won  (ID: iron_ingot, Weight: 5.0) from Simple Gacha (ID: simplegacha)
[21/08/2026 18:34:34] NTGaming won  (ID: cooked_beef, Weight: 10.0) from Simple Gacha (ID: simplegacha)
[21/08/2026 19:20:20] DELkaIDxd_deps won  (ID: cooked_beef, Weight: 10.0) from Simple Gacha (ID: simplegacha)
[21/08/2026 20:42:15] TTT won  (ID: iron_ingot, Weight: 5.0) from Simple Gacha (ID: simplegacha)
[21/08/2026 20:56:12] HydraMC_YTB won  (ID: spruce_log, Weight: 10.0) from Simple Gacha (ID: simplegacha)
[21/08/2026 22:14:05] popkits won  (ID: cooked_beef, Weight: 10.0) from Simple Gacha (ID: simplegacha)
[22/08/2026 11:20:03] hanhyort won  (ID: spruce_log, Weight: 10.0) from Simple Gacha (ID: simplegacha)
[22/08/2026 11:39:58] thatbadvu won  (ID: enchanted_golden_apple, Weight: 1.0) from Simple Gacha (ID: simplegacha)
[22/08/2026 16:11:40] _WightD_ won  (ID: spruce_log, Weight: 10.0) from Simple Gacha (ID: simplegacha)
[22/08/2026 21:09:02] HydraMC_YTB won  (ID: spruce_log, Weight: 10.0) from Simple Gacha (ID: simplegacha)
[23/08/2026 02:15:27] Trung1309 won  (ID: netherite_pickaxe, Weight: 10.0) from Amethyst Gear Crate (ID: amethyst_gear)
[23/08/2026 16:40:09] popkits won  (ID: diamond, Weight: 3.0) from Simple Gacha (ID: simplegacha)
[23/08/2026 16:40:52] yguy won  (ID: iron_ingot, Weight: 5.0) from Simple Gacha (ID: simplegacha)
[23/08/2026 19:09:03] tysooon won  (ID: diamond, Weight: 3.0) from Simple Gacha (ID: simplegacha)
[23/08/2026 21:33:04] senfifai won  (ID: iron_ingot, Weight: 5.0) from Simple Gacha (ID: simplegacha)
[23/08/2026 22:22:01] HydraMC_YTB won  (ID: enchanted_golden_apple, Weight: 1.0) from Simple Gacha (ID: simplegacha)
[24/08/2026 14:48:05] _WightD_ won  (ID: cooked_beef, Weight: 10.0) from Simple Gacha (ID: simplegacha)
[24/08/2026 19:47:06] nguyenhuy1101 won  (ID: diamond, Weight: 3.0) from Simple Gacha (ID: simplegacha)
[25/08/2026 10:13:19] yguy won  (ID: spruce_log, Weight: 10.0) from Simple Gacha (ID: simplegacha)
[25/08/2026 20:05:30] popkits won  (ID: spruce_log, Weight: 10.0) from Simple Gacha (ID: simplegacha)
[25/08/2026 20:11:13] sigmaboicamau won  (ID: cooked_beef, Weight: 10.0) from Simple Gacha (ID: simplegacha)
[25/08/2026 20:34:11] HydraMC_YTB won  (ID: cooked_beef, Weight: 10.0) from Simple Gacha (ID: simplegacha)
[25/08/2026 21:39:01] hanhyort won  (ID: cooked_beef, Weight: 10.0) from Simple Gacha (ID: simplegacha)
[25/08/2026 22:10:30] CelinDang won  (ID: cooked_beef, Weight: 10.0) from Simple Gacha (ID: simplegacha)
[26/08/2026 08:11:42] FuShiNotBad7 won  (ID: cooked_beef, Weight: 10.0) from Simple Gacha (ID: simplegacha)
[26/08/2026 15:20:38] BuiHoangAnh won  (ID: spruce_log, Weight: 10.0) from Simple Gacha (ID: simplegacha)
[27/08/2026 01:19:22] Trung1309 won  (ID: iron_ingot, Weight: 5.0) from Simple Gacha (ID: simplegacha)
[27/08/2026 01:39:36] HydraMC_YTB won  (ID: cooked_beef, Weight: 10.0) from Simple Gacha (ID: simplegacha)
[27/08/2026 01:52:11] KhangNon won  (ID: cooked_beef, Weight: 10.0) from Simple Gacha (ID: simplegacha)
[27/08/2026 02:15:31] fallintoempty won  (ID: cooked_beef, Weight: 10.0) from Simple Gacha (ID: simplegacha)
[27/08/2026 09:25:00] hanhyort won  (ID: spruce_log, Weight: 10.0) from Simple Gacha (ID: simplegacha)
[27/08/2026 09:26:31] tysooon won  (ID: spruce_log, Weight: 10.0) from Simple Gacha (ID: simplegacha)
[27/08/2026 20:57:30] badluck_7th9 won  (ID: diamond, Weight: 3.0) from Simple Gacha (ID: simplegacha)
[28/08/2026 03:24:02] HydraMC_YTB won  (ID: cooked_beef, Weight: 10.0) from Simple Gacha (ID: simplegacha)
[28/08/2026 19:56:36] yguy_1 won  (ID: cooked_beef, Weight: 10.0) from Simple Gacha (ID: simplegacha)
[28/08/2026 22:38:58] yguy won  (ID: spruce_log, Weight: 10.0) from Simple Gacha (ID: simplegacha)
[29/08/2026 01:54:21] fallintoempty won  (ID: spruce_log, Weight: 10.0) from Simple Gacha (ID: simplegacha)
[29/08/2026 09:47:15] badluck_7th9 won  (ID: cooked_beef, Weight: 10.0) from Simple Gacha (ID: simplegacha)
[29/08/2026 20:37:53] Rtex_MC won  (ID: cooked_beef, Weight: 10.0) from Simple Gacha (ID: simplegacha)
[29/08/2026 22:36:54] MinhAnh_112 won  (ID: cooked_beef, Weight: 10.0) from Simple Gacha (ID: simplegacha)
[30/08/2026 19:59:28] HydraMC_YTB won  (ID: spruce_log, Weight: 10.0) from Simple Gacha (ID: simplegacha)
[30/08/2026 22:53:03] Newbie123 won  (ID: spruce_log, Weight: 10.0) from Simple Gacha (ID: simplegacha)
[31/08/2026 11:56:28] MinhAnh_112 won  (ID: cooked_beef, Weight: 10.0) from Simple Gacha (ID: simplegacha)
[31/08/2026 20:17:58] HydraMC_YTB won  (ID: spruce_log, Weight: 10.0) from Simple Gacha (ID: simplegacha)
[31/08/2026 20:18:17] HydraMC_YTB won  (ID: spruce_log, Weight: 10.0) from Simple Gacha (ID: simplegacha)
[31/08/2026 20:24:06] badluck_7th9 won  (ID: spruce_log, Weight: 10.0) from Simple Gacha (ID: simplegacha)
[01/09/2026 14:48:50] MinhAnh_112 won  (ID: cooked_beef, Weight: 10.0) from Simple Gacha (ID: simplegacha)
[01/09/2026 14:53:41] hanhyort won  (ID: cooked_beef, Weight: 10.0) from Simple Gacha (ID: simplegacha)
[01/09/2026 16:32:41] newbie199 won  (ID: spruce_log, Weight: 10.0) from Simple Gacha (ID: simplegacha)
[01/09/2026 16:46:14] tysooon won  (ID: iron_ingot, Weight: 5.0) from Simple Gacha (ID: simplegacha)
[01/09/2026 22:41:05] TamXoan won  (ID: spruce_log, Weight: 10.0) from Simple Gacha (ID: simplegacha)
[02/09/2026 11:14:29] popkits won  (ID: iron_ingot, Weight: 5.0) from Simple Gacha (ID: simplegacha)
[02/09/2026 15:50:12] MinhAnh_112 won  (ID: cooked_beef, Weight: 10.0) from Simple Gacha (ID: simplegacha)
[02/09/2026 17:27:06] tysooon won  (ID: cooked_beef, Weight: 10.0) from Simple Gacha (ID: simplegacha)
[02/09/2026 17:27:08] danhz won  (ID: cooked_beef, Weight: 10.0) from Simple Gacha (ID: simplegacha)
[02/09/2026 17:50:29] KhangNon won  (ID: diamond_pickaxe, Weight: 5.0) from Gear&Armor Gacha (ID: geararmor)
[02/09/2026 17:50:29] KhangNon won  (ID: diamond_leggings, Weight: 5.0) from Gear&Armor Gacha (ID: geararmor)
[02/09/2026 17:50:29] KhangNon won  (ID: diamond_boots, Weight: 10.0) from Gear&Armor Gacha (ID: geararmor)
[02/09/2026 17:50:29] KhangNon won  (ID: diamond_sword, Weight: 4.0) from Gear&Armor Gacha (ID: geararmor)
[02/09/2026 17:50:29] KhangNon won  (ID: diamond_chestplate, Weight: 5.0) from Gear&Armor Gacha (ID: geararmor)
[02/09/2026 17:50:29] KhangNon won  (ID: diamond_leggings, Weight: 5.0) from Gear&Armor Gacha (ID: geararmor)
[02/09/2026 17:50:29] KhangNon won  (ID: diamond_leggings, Weight: 5.0) from Gear&Armor Gacha (ID: geararmor)
[02/09/2026 17:50:29] KhangNon won  (ID: diamond_chestplate, Weight: 5.0) from Gear&Armor Gacha (ID: geararmor)
[02/09/2026 17:50:29] KhangNon won  (ID: diamond_boots, Weight: 10.0) from Gear&Armor Gacha (ID: geararmor)
[02/09/2026 17:50:29] KhangNon won  (ID: diamond_sword, Weight: 4.0) from Gear&Armor Gacha (ID: geararmor)
[02/09/2026 17:50:29] KhangNon won  (ID: diamond_leggings, Weight: 5.0) from Gear&Armor Gacha (ID: geararmor)
[02/09/2026 17:50:29] KhangNon won  (ID: diamond_chestplate, Weight: 5.0) from Gear&Armor Gacha (ID: geararmor)
[02/09/2026 17:50:29] KhangNon won  (ID: netherite_sword, Weight: 1.0) from Gear&Armor Gacha (ID: geararmor)
[02/09/2026 17:50:29] KhangNon won  (ID: diamond_leggings, Weight: 5.0) from Gear&Armor Gacha (ID: geararmor)
[02/09/2026 17:50:29] KhangNon won  (ID: diamond_boots, Weight: 10.0) from Gear&Armor Gacha (ID: geararmor)
[02/09/2026 17:50:29] KhangNon won  (ID: diamond_helmet, Weight: 5.0) from Gear&Armor Gacha (ID: geararmor)
[02/09/2026 17:50:29] KhangNon won  (ID: diamond_helmet, Weight: 5.0) from Gear&Armor Gacha (ID: geararmor)
[02/09/2026 17:50:29] KhangNon won  (ID: diamond_boots, Weight: 10.0) from Gear&Armor Gacha (ID: geararmor)
[02/09/2026 17:50:29] KhangNon won  (ID: diamond_helmet, Weight: 5.0) from Gear&Armor Gacha (ID: geararmor)
[02/09/2026 17:50:29] KhangNon won  (ID: diamond_helmet, Weight: 5.0) from Gear&Armor Gacha (ID: geararmor)
[02/09/2026 17:50:29] KhangNon won  (ID: diamond_helmet, Weight: 5.0) from Gear&Armor Gacha (ID: geararmor)
[02/09/2026 17:50:29] KhangNon won  (ID: diamond_helmet, Weight: 5.0) from Gear&Armor Gacha (ID: geararmor)
[02/09/2026 17:50:29] KhangNon won  (ID: netherite_leggings, Weight: 1.0) from Gear&Armor Gacha (ID: geararmor)
[02/09/2026 17:50:29] KhangNon won  (ID: diamond_sword, Weight: 4.0) from Gear&Armor Gacha (ID: geararmor)
[02/09/2026 17:50:29] KhangNon won  (ID: diamond_leggings, Weight: 5.0) from Gear&Armor Gacha (ID: geararmor)
[02/09/2026 17:50:29] KhangNon won  (ID: diamond_helmet, Weight: 5.0) from Gear&Armor Gacha (ID: geararmor)
[02/09/2026 17:50:29] KhangNon won  (ID: diamond_leggings, Weight: 5.0) from Gear&Armor Gacha (ID: geararmor)
[02/09/2026 17:50:29] KhangNon won  (ID: diamond_helmet, Weight: 5.0) from Gear&Armor Gacha (ID: geararmor)
[02/09/2026 17:50:29] KhangNon won  (ID: diamond_leggings, Weight: 5.0) from Gear&Armor Gacha (ID: geararmor)
[02/09/2026 17:50:29] KhangNon won  (ID: diamond_sword, Weight: 4.0) from Gear&Armor Gacha (ID: geararmor)
[02/09/2026 17:50:49] KhangNon won  (ID: diamond_boots, Weight: 10.0) from Gear&Armor Gacha (ID: geararmor)
[02/09/2026 17:50:49] KhangNon won  (ID: diamond_leggings, Weight: 5.0) from Gear&Armor Gacha (ID: geararmor)
[02/09/2026 17:50:49] KhangNon won  (ID: diamond_chestplate, Weight: 5.0) from Gear&Armor Gacha (ID: geararmor)
[02/09/2026 17:50:49] KhangNon won  (ID: diamond_sword, Weight: 4.0) from Gear&Armor Gacha (ID: geararmor)
[02/09/2026 17:50:49] KhangNon won  (ID: diamond_boots, Weight: 10.0) from Gear&Armor Gacha (ID: geararmor)
[02/09/2026 17:50:49] KhangNon won  (ID: diamond_chestplate, Weight: 5.0) from Gear&Armor Gacha (ID: geararmor)
[02/09/2026 17:50:49] KhangNon won  (ID: diamond_sword, Weight: 4.0) from Gear&Armor Gacha (ID: geararmor)
[02/09/2026 17:50:49] KhangNon won  (ID: diamond_boots, Weight: 10.0) from Gear&Armor Gacha (ID: geararmor)
[02/09/2026 17:50:49] KhangNon won  (ID: diamond_leggings, Weight: 5.0) from Gear&Armor Gacha (ID: geararmor)
[02/09/2026 17:50:49] KhangNon won  (ID: diamond_leggings, Weight: 5.0) from Gear&Armor Gacha (ID: geararmor)
[02/09/2026 17:50:49] KhangNon won  (ID: diamond_helmet, Weight: 5.0) from Gear&Armor Gacha (ID: geararmor)
[02/09/2026 17:50:49] KhangNon won  (ID: diamond_boots, Weight: 10.0) from Gear&Armor Gacha (ID: geararmor)
[02/09/2026 17:50:49] KhangNon won  (ID: diamond_helmet, Weight: 5.0) from Gear&Armor Gacha (ID: geararmor)
[02/09/2026 17:50:49] KhangNon won  (ID: diamond_boots, Weight: 10.0) from Gear&Armor Gacha (ID: geararmor)
[02/09/2026 17:50:49] KhangNon won  (ID: diamond_pickaxe, Weight: 5.0) from Gear&Armor Gacha (ID: geararmor)
[02/09/2026 17:50:49] KhangNon won  (ID: diamond_pickaxe, Weight: 5.0) from Gear&Armor Gacha (ID: geararmor)
[02/09/2026 17:50:49] KhangNon won  (ID: diamond_boots, Weight: 10.0) from Gear&Armor Gacha (ID: geararmor)
[02/09/2026 17:50:49] KhangNon won  (ID: diamond_helmet, Weight: 5.0) from Gear&Armor Gacha (ID: geararmor)
[02/09/2026 17:50:49] KhangNon won  (ID: diamond_boots, Weight: 10.0) from Gear&Armor Gacha (ID: geararmor)
[02/09/2026 17:50:49] KhangNon won  (ID: diamond_chestplate, Weight: 5.0) from Gear&Armor Gacha (ID: geararmor)
[02/09/2026 17:50:49] KhangNon won  (ID: netherite_helmet, Weight: 1.0) from Gear&Armor Gacha (ID: geararmor)
[02/09/2026 17:50:49] KhangNon won  (ID: diamond_boots, Weight: 10.0) from Gear&Armor Gacha (ID: geararmor)
[02/09/2026 17:50:49] KhangNon won  (ID: netherite_pickaxe, Weight: 1.0) from Gear&Armor Gacha (ID: geararmor)
[02/09/2026 17:50:49] KhangNon won  (ID: diamond_chestplate, Weight: 5.0) from Gear&Armor Gacha (ID: geararmor)
[02/09/2026 17:50:49] KhangNon won  (ID: netherite_pickaxe, Weight: 1.0) from Gear&Armor Gacha (ID: geararmor)
[02/09/2026 17:50:49] KhangNon won  (ID: diamond_chestplate, Weight: 5.0) from Gear&Armor Gacha (ID: geararmor)
[02/09/2026 17:50:49] KhangNon won  (ID: diamond_boots, Weight: 10.0) from Gear&Armor Gacha (ID: geararmor)
[02/09/2026 17:50:49] KhangNon won  (ID: diamond_boots, Weight: 10.0) from Gear&Armor Gacha (ID: geararmor)
[02/09/2026 17:50:49] KhangNon won  (ID: diamond_helmet, Weight: 5.0) from Gear&Armor Gacha (ID: geararmor)
[02/09/2026 17:50:49] KhangNon won  (ID: diamond_chestplate, Weight: 5.0) from Gear&Armor Gacha (ID: geararmor)
[02/09/2026 17:51:04] KhangNon won  (ID: diamond_helmet, Weight: 5.0) from Gear&Armor Gacha (ID: geararmor)
[02/09/2026 17:51:04] KhangNon won  (ID: diamond_helmet, Weight: 5.0) from Gear&Armor Gacha (ID: geararmor)
[02/09/2026 17:51:04] KhangNon won  (ID: diamond_leggings, Weight: 5.0) from Gear&Armor Gacha (ID: geararmor)
[02/09/2026 17:51:04] KhangNon won  (ID: diamond_helmet, Weight: 5.0) from Gear&Armor Gacha (ID: geararmor)
[02/09/2026 17:51:04] KhangNon won  (ID: diamond_leggings, Weight: 5.0) from Gear&Armor Gacha (ID: geararmor)
[02/09/2026 17:51:04] KhangNon won  (ID: diamond_boots, Weight: 10.0) from Gear&Armor Gacha (ID: geararmor)
[02/09/2026 17:51:04] KhangNon won  (ID: diamond_boots, Weight: 10.0) from Gear&Armor Gacha (ID: geararmor)
[02/09/2026 17:51:04] KhangNon won  (ID: diamond_boots, Weight: 10.0) from Gear&Armor Gacha (ID: geararmor)
[02/09/2026 17:51:04] KhangNon won  (ID: diamond_boots, Weight: 10.0) from Gear&Armor Gacha (ID: geararmor)
[02/09/2026 17:51:04] KhangNon won  (ID: diamond_chestplate, Weight: 5.0) from Gear&Armor Gacha (ID: geararmor)
[02/09/2026 17:51:04] KhangNon won  (ID: diamond_boots, Weight: 10.0) from Gear&Armor Gacha (ID: geararmor)
[02/09/2026 17:51:04] KhangNon won  (ID: diamond_boots, Weight: 10.0) from Gear&Armor Gacha (ID: geararmor)
[02/09/2026 17:51:04] KhangNon won  (ID: netherite_helmet, Weight: 1.0) from Gear&Armor Gacha (ID: geararmor)
[02/09/2026 17:51:04] KhangNon won  (ID: diamond_boots, Weight: 10.0) from Gear&Armor Gacha (ID: geararmor)
[02/09/2026 17:51:04] KhangNon won  (ID: diamond_boots, Weight: 10.0) from Gear&Armor Gacha (ID: geararmor)
[02/09/2026 17:51:04] KhangNon won  (ID: diamond_boots, Weight: 10.0) from Gear&Armor Gacha (ID: geararmor)
[02/09/2026 17:51:04] KhangNon won  (ID: diamond_helmet, Weight: 5.0) from Gear&Armor Gacha (ID: geararmor)
[02/09/2026 17:51:04] KhangNon won  (ID: diamond_pickaxe, Weight: 5.0) from Gear&Armor Gacha (ID: geararmor)
[02/09/2026 17:51:04] KhangNon won  (ID: diamond_helmet, Weight: 5.0) from Gear&Armor Gacha (ID: geararmor)
[02/09/2026 17:51:04] KhangNon won  (ID: diamond_helmet, Weight: 5.0) from Gear&Armor Gacha (ID: geararmor)
[02/09/2026 17:51:04] KhangNon won  (ID: diamond_pickaxe, Weight: 5.0) from Gear&Armor Gacha (ID: geararmor)
[02/09/2026 17:51:04] KhangNon won  (ID: diamond_pickaxe, Weight: 5.0) from Gear&Armor Gacha (ID: geararmor)
[02/09/2026 17:51:04] KhangNon won  (ID: diamond_boots, Weight: 10.0) from Gear&Armor Gacha (ID: geararmor)
[02/09/2026 17:51:04] KhangNon won  (ID: diamond_pickaxe, Weight: 5.0) from Gear&Armor Gacha (ID: geararmor)
[02/09/2026 17:51:04] KhangNon won  (ID: diamond_boots, Weight: 10.0) from Gear&Armor Gacha (ID: geararmor)
[02/09/2026 17:51:04] KhangNon won  (ID: diamond_pickaxe, Weight: 5.0) from Gear&Armor Gacha (ID: geararmor)
[02/09/2026 17:51:04] KhangNon won  (ID: diamond_boots, Weight: 10.0) from Gear&Armor Gacha (ID: geararmor)
[02/09/2026 17:51:04] KhangNon won  (ID: diamond_helmet, Weight: 5.0) from Gear&Armor Gacha (ID: geararmor)
[02/09/2026 17:51:04] KhangNon won  (ID: diamond_boots, Weight: 10.0) from Gear&Armor Gacha (ID: geararmor)
[02/09/2026 17:51:04] KhangNon won  (ID: diamond_chestplate, Weight: 5.0) from Gear&Armor Gacha (ID: geararmor)
[02/09/2026 17:51:13] KhangNon won  (ID: diamond_chestplate, Weight: 5.0) from Gear&Armor Gacha (ID: geararmor)
[02/09/2026 17:51:13] KhangNon won  (ID: diamond_leggings, Weight: 5.0) from Gear&Armor Gacha (ID: geararmor)
[02/09/2026 17:51:13] KhangNon won  (ID: diamond_boots, Weight: 10.0) from Gear&Armor Gacha (ID: geararmor)
[02/09/2026 17:51:13] KhangNon won  (ID: diamond_boots, Weight: 10.0) from Gear&Armor Gacha (ID: geararmor)
[02/09/2026 17:51:13] KhangNon won  (ID: diamond_boots, Weight: 10.0) from Gear&Armor Gacha (ID: geararmor)
[02/09/2026 17:51:13] KhangNon won  (ID: diamond_leggings, Weight: 5.0) from Gear&Armor Gacha (ID: geararmor)
[02/09/2026 17:51:13] KhangNon won  (ID: diamond_helmet, Weight: 5.0) from Gear&Armor Gacha (ID: geararmor)
[02/09/2026 17:51:13] KhangNon won  (ID: diamond_boots, Weight: 10.0) from Gear&Armor Gacha (ID: geararmor)
[02/09/2026 17:51:13] KhangNon won  (ID: diamond_boots, Weight: 10.0) from Gear&Armor Gacha (ID: geararmor)
[02/09/2026 17:51:13] KhangNon won  (ID: diamond_leggings, Weight: 5.0) from Gear&Armor Gacha (ID: geararmor)
[02/09/2026 17:51:13] KhangNon won  (ID: diamond_leggings, Weight: 5.0) from Gear&Armor Gacha (ID: geararmor)
[02/09/2026 17:51:13] KhangNon won  (ID: diamond_pickaxe, Weight: 5.0) from Gear&Armor Gacha (ID: geararmor)
[02/09/2026 17:51:13] KhangNon won  (ID: diamond_chestplate, Weight: 5.0) from Gear&Armor Gacha (ID: geararmor)
[02/09/2026 17:51:13] KhangNon won  (ID: diamond_pickaxe, Weight: 5.0) from Gear&Armor Gacha (ID: geararmor)
[02/09/2026 17:51:13] KhangNon won  (ID: diamond_sword, Weight: 4.0) from Gear&Armor Gacha (ID: geararmor)
[02/09/2026 17:51:13] KhangNon won  (ID: diamond_chestplate, Weight: 5.0) from Gear&Armor Gacha (ID: geararmor)
[02/09/2026 17:51:13] KhangNon won  (ID: diamond_boots, Weight: 10.0) from Gear&Armor Gacha (ID: geararmor)
[02/09/2026 17:51:14] KhangNon won  (ID: diamond_leggings, Weight: 5.0) from Gear&Armor Gacha (ID: geararmor)
[02/09/2026 17:51:14] KhangNon won  (ID: diamond_pickaxe, Weight: 5.0) from Gear&Armor Gacha (ID: geararmor)
[02/09/2026 17:51:14] KhangNon won  (ID: diamond_sword, Weight: 4.0) from Gear&Armor Gacha (ID: geararmor)
[02/09/2026 17:51:14] KhangNon won  (ID: diamond_sword, Weight: 4.0) from Gear&Armor Gacha (ID: geararmor)
[02/09/2026 17:51:14] KhangNon won  (ID: diamond_boots, Weight: 10.0) from Gear&Armor Gacha (ID: geararmor)
[02/09/2026 17:51:14] KhangNon won  (ID: diamond_pickaxe, Weight: 5.0) from Gear&Armor Gacha (ID: geararmor)
[02/09/2026 17:51:14] KhangNon won  (ID: diamond_boots, Weight: 10.0) from Gear&Armor Gacha (ID: geararmor)
[02/09/2026 17:51:14] KhangNon won  (ID: diamond_boots, Weight: 10.0) from Gear&Armor Gacha (ID: geararmor)
[02/09/2026 17:51:14] KhangNon won  (ID: diamond_chestplate, Weight: 5.0) from Gear&Armor Gacha (ID: geararmor)
[02/09/2026 17:51:14] KhangNon won  (ID: diamond_sword, Weight: 4.0) from Gear&Armor Gacha (ID: geararmor)
[02/09/2026 17:51:14] KhangNon won  (ID: diamond_pickaxe, Weight: 5.0) from Gear&Armor Gacha (ID: geararmor)
[02/09/2026 17:51:14] KhangNon won  (ID: diamond_leggings, Weight: 5.0) from Gear&Armor Gacha (ID: geararmor)
[02/09/2026 17:51:14] KhangNon won  (ID: diamond_pickaxe, Weight: 5.0) from Gear&Armor Gacha (ID: geararmor)
[02/09/2026 17:51:19] KhangNon won  (ID: diamond_boots, Weight: 10.0) from Gear&Armor Gacha (ID: geararmor)
[02/09/2026 17:51:19] KhangNon won  (ID: diamond_leggings, Weight: 5.0) from Gear&Armor Gacha (ID: geararmor)
[02/09/2026 17:51:19] KhangNon won  (ID: diamond_leggings, Weight: 5.0) from Gear&Armor Gacha (ID: geararmor)
[02/09/2026 17:51:19] KhangNon won  (ID: diamond_pickaxe, Weight: 5.0) from Gear&Armor Gacha (ID: geararmor)
[02/09/2026 17:51:19] KhangNon won  (ID: diamond_boots, Weight: 10.0) from Gear&Armor Gacha (ID: geararmor)
[02/09/2026 17:51:19] KhangNon won  (ID: diamond_boots, Weight: 10.0) from Gear&Armor Gacha (ID: geararmor)
[02/09/2026 17:51:19] KhangNon won  (ID: diamond_pickaxe, Weight: 5.0) from Gear&Armor Gacha (ID: geararmor)
[02/09/2026 17:51:19] KhangNon won  (ID: diamond_boots, Weight: 10.0) from Gear&Armor Gacha (ID: geararmor)
[02/09/2026 17:51:19] KhangNon won  (ID: diamond_sword, Weight: 4.0) from Gear&Armor Gacha (ID: geararmor)
[02/09/2026 17:51:19] KhangNon won  (ID: diamond_chestplate, Weight: 5.0) from Gear&Armor Gacha (ID: geararmor)
[02/09/2026 17:51:19] KhangNon won  (ID: diamond_chestplate, Weight: 5.0) from Gear&Armor Gacha (ID: geararmor)
[02/09/2026 17:51:19] KhangNon won  (ID: diamond_chestplate, Weight: 5.0) from Gear&Armor Gacha (ID: geararmor)
[02/09/2026 17:51:19] KhangNon won  (ID: diamond_leggings, Weight: 5.0) from Gear&Armor Gacha (ID: geararmor)
[02/09/2026 17:51:20] KhangNon won  (ID: diamond_sword, Weight: 4.0) from Gear&Armor Gacha (ID: geararmor)
[02/09/2026 17:51:20] KhangNon won  (ID: diamond_boots, Weight: 10.0) from Gear&Armor Gacha (ID: geararmor)
[02/09/2026 17:51:20] KhangNon won  (ID: diamond_leggings, Weight: 5.0) from Gear&Armor Gacha (ID: geararmor)
[02/09/2026 17:51:20] KhangNon won  (ID: diamond_chestplate, Weight: 5.0) from Gear&Armor Gacha (ID: geararmor)
[02/09/2026 17:51:20] KhangNon won  (ID: diamond_helmet, Weight: 5.0) from Gear&Armor Gacha (ID: geararmor)
[02/09/2026 17:51:20] KhangNon won  (ID: diamond_leggings, Weight: 5.0) from Gear&Armor Gacha (ID: geararmor)
[02/09/2026 17:51:20] KhangNon won  (ID: diamond_helmet, Weight: 5.0) from Gear&Armor Gacha (ID: geararmor)
[02/09/2026 17:51:20] KhangNon won  (ID: diamond_pickaxe, Weight: 5.0) from Gear&Armor Gacha (ID: geararmor)
[02/09/2026 17:51:20] KhangNon won  (ID: diamond_sword, Weight: 4.0) from Gear&Armor Gacha (ID: geararmor)
[02/09/2026 17:51:20] KhangNon won  (ID: diamond_sword, Weight: 4.0) from Gear&Armor Gacha (ID: geararmor)
[02/09/2026 17:51:20] KhangNon won  (ID: diamond_helmet, Weight: 5.0) from Gear&Armor Gacha (ID: geararmor)
[02/09/2026 17:51:20] KhangNon won  (ID: diamond_sword, Weight: 4.0) from Gear&Armor Gacha (ID: geararmor)
[02/09/2026 17:51:20] KhangNon won  (ID: diamond_boots, Weight: 10.0) from Gear&Armor Gacha (ID: geararmor)
[02/09/2026 17:51:20] KhangNon won  (ID: diamond_helmet, Weight: 5.0) from Gear&Armor Gacha (ID: geararmor)
[02/09/2026 17:51:20] KhangNon won  (ID: diamond_chestplate, Weight: 5.0) from Gear&Armor Gacha (ID: geararmor)
[02/09/2026 17:51:20] KhangNon won  (ID: diamond_sword, Weight: 4.0) from Gear&Armor Gacha (ID: geararmor)
[02/09/2026 17:51:20] KhangNon won  (ID: diamond_leggings, Weight: 5.0) from Gear&Armor Gacha (ID: geararmor)
[02/09/2026 17:51:27] KhangNon won  (ID: diamond_pickaxe, Weight: 5.0) from Gear&Armor Gacha (ID: geararmor)
[02/09/2026 17:51:27] KhangNon won  (ID: diamond_helmet, Weight: 5.0) from Gear&Armor Gacha (ID: geararmor)
[02/09/2026 17:51:27] KhangNon won  (ID: diamond_boots, Weight: 10.0) from Gear&Armor Gacha (ID: geararmor)
[02/09/2026 17:51:27] KhangNon won  (ID: diamond_chestplate, Weight: 5.0) from Gear&Armor Gacha (ID: geararmor)
[02/09/2026 17:51:27] KhangNon won  (ID: diamond_helmet, Weight: 5.0) from Gear&Armor Gacha (ID: geararmor)
[02/09/2026 17:51:27] KhangNon won  (ID: diamond_helmet, Weight: 5.0) from Gear&Armor Gacha (ID: geararmor)
[02/09/2026 17:51:27] KhangNon won  (ID: diamond_boots, Weight: 10.0) from Gear&Armor Gacha (ID: geararmor)
[02/09/2026 17:51:27] KhangNon won  (ID: diamond_sword, Weight: 4.0) from Gear&Armor Gacha (ID: geararmor)
[02/09/2026 17:51:27] KhangNon won  (ID: diamond_pickaxe, Weight: 5.0) from Gear&Armor Gacha (ID: geararmor)
[02/09/2026 17:51:27] KhangNon won  (ID: diamond_boots, Weight: 10.0) from Gear&Armor Gacha (ID: geararmor)
[02/09/2026 17:51:27] KhangNon won  (ID: diamond_sword, Weight: 4.0) from Gear&Armor Gacha (ID: geararmor)
[02/09/2026 17:51:27] KhangNon won  (ID: diamond_boots, Weight: 10.0) from Gear&Armor Gacha (ID: geararmor)
[02/09/2026 17:51:27] KhangNon won  (ID: diamond_pickaxe, Weight: 5.0) from Gear&Armor Gacha (ID: geararmor)
[02/09/2026 17:51:27] KhangNon won  (ID: diamond_sword, Weight: 4.0) from Gear&Armor Gacha (ID: geararmor)
[02/09/2026 17:51:27] KhangNon won  (ID: diamond_boots, Weight: 10.0) from Gear&Armor Gacha (ID: geararmor)
[02/09/2026 17:51:27] KhangNon won  (ID: diamond_helmet, Weight: 5.0) from Gear&Armor Gacha (ID: geararmor)
[02/09/2026 17:51:27] KhangNon won  (ID: diamond_leggings, Weight: 5.0) from Gear&Armor Gacha (ID: geararmor)
[02/09/2026 17:51:27] KhangNon won  (ID: diamond_boots, Weight: 10.0) from Gear&Armor Gacha (ID: geararmor)
[02/09/2026 17:51:27] KhangNon won  (ID: diamond_boots, Weight: 10.0) from Gear&Armor Gacha (ID: geararmor)
[02/09/2026 17:51:27] KhangNon won  (ID: diamond_pickaxe, Weight: 5.0) from Gear&Armor Gacha (ID: geararmor)
[02/09/2026 17:51:27] KhangNon won  (ID: diamond_boots, Weight: 10.0) from Gear&Armor Gacha (ID: geararmor)
[02/09/2026 17:51:27] KhangNon won  (ID: diamond_helmet, Weight: 5.0) from Gear&Armor Gacha (ID: geararmor)
[02/09/2026 17:51:27] KhangNon won  (ID: diamond_helmet, Weight: 5.0) from Gear&Armor Gacha (ID: geararmor)
[02/09/2026 17:51:27] KhangNon won  (ID: netherite_pickaxe, Weight: 1.0) from Gear&Armor Gacha (ID: geararmor)
[02/09/2026 17:51:27] KhangNon won  (ID: diamond_pickaxe, Weight: 5.0) from Gear&Armor Gacha (ID: geararmor)
[02/09/2026 17:51:27] KhangNon won  (ID: diamond_boots, Weight: 10.0) from Gear&Armor Gacha (ID: geararmor)
[02/09/2026 17:51:27] KhangNon won  (ID: netherite_chestplate, Weight: 1.0) from Gear&Armor Gacha (ID: geararmor)
[02/09/2026 17:51:27] KhangNon won  (ID: diamond_boots, Weight: 10.0) from Gear&Armor Gacha (ID: geararmor)
[02/09/2026 17:51:27] KhangNon won  (ID: diamond_leggings, Weight: 5.0) from Gear&Armor Gacha (ID: geararmor)
[02/09/2026 17:51:27] KhangNon won  (ID: diamond_sword, Weight: 4.0) from Gear&Armor Gacha (ID: geararmor)
[02/09/2026 17:51:51] KhangNon won  (ID: diamond_boots, Weight: 10.0) from Gear&Armor Gacha (ID: geararmor)
[02/09/2026 17:51:51] KhangNon won  (ID: diamond_leggings, Weight: 5.0) from Gear&Armor Gacha (ID: geararmor)
[02/09/2026 17:51:51] KhangNon won  (ID: diamond_helmet, Weight: 5.0) from Gear&Armor Gacha (ID: geararmor)
[02/09/2026 17:51:51] KhangNon won  (ID: diamond_chestplate, Weight: 5.0) from Gear&Armor Gacha (ID: geararmor)
[02/09/2026 17:51:51] KhangNon won  (ID: netherite_pickaxe, Weight: 1.0) from Gear&Armor Gacha (ID: geararmor)
[02/09/2026 17:51:51] KhangNon won  (ID: diamond_leggings, Weight: 5.0) from Gear&Armor Gacha (ID: geararmor)
[02/09/2026 17:51:51] KhangNon won  (ID: diamond_chestplate, Weight: 5.0) from Gear&Armor Gacha (ID: geararmor)
[02/09/2026 17:51:51] KhangNon won  (ID: diamond_leggings, Weight: 5.0) from Gear&Armor Gacha (ID: geararmor)
[02/09/2026 17:51:51] KhangNon won  (ID: diamond_helmet, Weight: 5.0) from Gear&Armor Gacha (ID: geararmor)
[02/09/2026 17:51:51] KhangNon won  (ID: diamond_pickaxe, Weight: 5.0) from Gear&Armor Gacha (ID: geararmor)
[02/09/2026 17:51:51] KhangNon won  (ID: diamond_chestplate, Weight: 5.0) from Gear&Armor Gacha (ID: geararmor)
[02/09/2026 17:51:51] KhangNon won  (ID: diamond_pickaxe, Weight: 5.0) from Gear&Armor Gacha (ID: geararmor)
[02/09/2026 17:51:51] KhangNon won  (ID: diamond_helmet, Weight: 5.0) from Gear&Armor Gacha (ID: geararmor)
[02/09/2026 17:51:51] KhangNon won  (ID: diamond_boots, Weight: 10.0) from Gear&Armor Gacha (ID: geararmor)
[02/09/2026 17:51:51] KhangNon won  (ID: diamond_boots, Weight: 10.0) from Gear&Armor Gacha (ID: geararmor)
[02/09/2026 17:51:51] KhangNon won  (ID: diamond_boots, Weight: 10.0) from Gear&Armor Gacha (ID: geararmor)
[02/09/2026 17:51:51] KhangNon won  (ID: diamond_boots, Weight: 10.0) from Gear&Armor Gacha (ID: geararmor)
[02/09/2026 17:51:51] KhangNon won  (ID: diamond_boots, Weight: 10.0) from Gear&Armor Gacha (ID: geararmor)
[02/09/2026 17:51:51] KhangNon won  (ID: diamond_leggings, Weight: 5.0) from Gear&Armor Gacha (ID: geararmor)
[02/09/2026 17:51:51] KhangNon won  (ID: diamond_boots, Weight: 10.0) from Gear&Armor Gacha (ID: geararmor)
[02/09/2026 17:51:51] KhangNon won  (ID: diamond_chestplate, Weight: 5.0) from Gear&Armor Gacha (ID: geararmor)
[02/09/2026 17:51:51] KhangNon won  (ID: diamond_boots, Weight: 10.0) from Gear&Armor Gacha (ID: geararmor)
[02/09/2026 17:51:51] KhangNon won  (ID: diamond_helmet, Weight: 5.0) from Gear&Armor Gacha (ID: geararmor)
[02/09/2026 17:51:51] KhangNon won  (ID: netherite_boots, Weight: 1.0) from Gear&Armor Gacha (ID: geararmor)
[02/09/2026 17:51:51] KhangNon won  (ID: diamond_sword, Weight: 4.0) from Gear&Armor Gacha (ID: geararmor)
[02/09/2026 17:51:51] KhangNon won  (ID: diamond_helmet, Weight: 5.0) from Gear&Armor Gacha (ID: geararmor)
[02/09/2026 17:51:51] KhangNon won  (ID: diamond_sword, Weight: 4.0) from Gear&Armor Gacha (ID: geararmor)
[02/09/2026 17:51:51] KhangNon won  (ID: diamond_boots, Weight: 10.0) from Gear&Armor Gacha (ID: geararmor)
[02/09/2026 17:51:51] KhangNon won  (ID: diamond_boots, Weight: 10.0) from Gear&Armor Gacha (ID: geararmor)
[02/09/2026 17:51:51] KhangNon won  (ID: diamond_boots, Weight: 10.0) from Gear&Armor Gacha (ID: geararmor)
[02/09/2026 17:51:52] KhangNon won  (ID: diamond_sword, Weight: 4.0) from Gear&Armor Gacha (ID: geararmor)
[02/09/2026 17:51:52] KhangNon won  (ID: diamond_boots, Weight: 10.0) from Gear&Armor Gacha (ID: geararmor)
[02/09/2026 17:51:52] KhangNon won  (ID: diamond_helmet, Weight: 5.0) from Gear&Armor Gacha (ID: geararmor)
[02/09/2026 17:51:52] KhangNon won  (ID: diamond_leggings, Weight: 5.0) from Gear&Armor Gacha (ID: geararmor)
[02/09/2026 17:52:06] KhangNon won  (ID: diamond_leggings, Weight: 5.0) from Gear&Armor Gacha (ID: geararmor)
[02/09/2026 17:52:06] KhangNon won  (ID: diamond_chestplate, Weight: 5.0) from Gear&Armor Gacha (ID: geararmor)
[02/09/2026 17:52:06] KhangNon won  (ID: diamond_leggings, Weight: 5.0) from Gear&Armor Gacha (ID: geararmor)
[02/09/2026 17:52:06] KhangNon won  (ID: diamond_helmet, Weight: 5.0) from Gear&Armor Gacha (ID: geararmor)
[02/09/2026 17:52:06] KhangNon won  (ID: diamond_helmet, Weight: 5.0) from Gear&Armor Gacha (ID: geararmor)
[02/09/2026 17:52:06] KhangNon won  (ID: diamond_sword, Weight: 4.0) from Gear&Armor Gacha (ID: geararmor)
[02/09/2026 17:52:06] KhangNon won  (ID: diamond_chestplate, Weight: 5.0) from Gear&Armor Gacha (ID: geararmor)
[02/09/2026 17:52:06] KhangNon won  (ID: diamond_leggings, Weight: 5.0) from Gear&Armor Gacha (ID: geararmor)
[02/09/2026 17:52:06] KhangNon won  (ID: diamond_leggings, Weight: 5.0) from Gear&Armor Gacha (ID: geararmor)
[02/09/2026 17:52:06] KhangNon won  (ID: diamond_pickaxe, Weight: 5.0) from Gear&Armor Gacha (ID: geararmor)
[02/09/2026 17:52:06] KhangNon won  (ID: netherite_pickaxe, Weight: 1.0) from Gear&Armor Gacha (ID: geararmor)
[02/09/2026 17:52:06] KhangNon won  (ID: diamond_sword, Weight: 4.0) from Gear&Armor Gacha (ID: geararmor)
[02/09/2026 17:52:06] KhangNon won  (ID: netherite_boots, Weight: 1.0) from Gear&Armor Gacha (ID: geararmor)
[02/09/2026 17:52:06] KhangNon won  (ID: diamond_helmet, Weight: 5.0) from Gear&Armor Gacha (ID: geararmor)
[02/09/2026 17:52:06] KhangNon won  (ID: diamond_leggings, Weight: 5.0) from Gear&Armor Gacha (ID: geararmor)
[02/09/2026 17:52:06] KhangNon won  (ID: diamond_helmet, Weight: 5.0) from Gear&Armor Gacha (ID: geararmor)
[02/09/2026 17:52:06] KhangNon won  (ID: diamond_boots, Weight: 10.0) from Gear&Armor Gacha (ID: geararmor)
[02/09/2026 17:52:06] KhangNon won  (ID: diamond_boots, Weight: 10.0) from Gear&Armor Gacha (ID: geararmor)
[02/09/2026 17:52:06] KhangNon won  (ID: diamond_chestplate, Weight: 5.0) from Gear&Armor Gacha (ID: geararmor)
[02/09/2026 17:52:06] KhangNon won  (ID: netherite_chestplate, Weight: 1.0) from Gear&Armor Gacha (ID: geararmor)
[02/09/2026 17:52:06] KhangNon won  (ID: diamond_boots, Weight: 10.0) from Gear&Armor Gacha (ID: geararmor)
[02/09/2026 17:52:06] KhangNon won  (ID: diamond_boots, Weight: 10.0) from Gear&Armor Gacha (ID: geararmor)
[02/09/2026 17:52:06] KhangNon won  (ID: diamond_leggings, Weight: 5.0) from Gear&Armor Gacha (ID: geararmor)
[02/09/2026 17:52:06] KhangNon won  (ID: diamond_sword, Weight: 4.0) from Gear&Armor Gacha (ID: geararmor)
[02/09/2026 17:52:06] KhangNon won  (ID: diamond_helmet, Weight: 5.0) from Gear&Armor Gacha (ID: geararmor)
[02/09/2026 17:52:06] KhangNon won  (ID: diamond_chestplate, Weight: 5.0) from Gear&Armor Gacha (ID: geararmor)
[02/09/2026 17:52:06] KhangNon won  (ID: diamond_boots, Weight: 10.0) from Gear&Armor Gacha (ID: geararmor)
[02/09/2026 17:52:06] KhangNon won  (ID: diamond_boots, Weight: 10.0) from Gear&Armor Gacha (ID: geararmor)
[02/09/2026 17:52:06] KhangNon won  (ID: diamond_chestplate, Weight: 5.0) from Gear&Armor Gacha (ID: geararmor)
[02/09/2026 17:52:06] KhangNon won  (ID: diamond_sword, Weight: 4.0) from Gear&Armor Gacha (ID: geararmor)
[03/09/2026 18:59:04] Buzz won  (ID: cooked_beef, Weight: 10.0) from Simple Gacha (ID: simplegacha)
[03/09/2026 23:42:47] KhangNon won  (ID: netherite_pickaxe, Weight: 10.0) from Amethyst Gear Crate (ID: amethyst_gear)
[04/09/2026 02:55:36] HydraMC_YTB won  (ID: spruce_log, Weight: 10.0) from Simple Gacha (ID: simplegacha)
[05/09/2026 11:41:56] Buzz won  (ID: cooked_beef, Weight: 10.0) from Simple Gacha (ID: simplegacha)
[05/09/2026 12:14:45] tysooon won  (ID: cooked_beef, Weight: 10.0) from Simple Gacha (ID: simplegacha)
[05/09/2026 20:21:59] danhz won  (ID: cooked_beef, Weight: 10.0) from Simple Gacha (ID: simplegacha)
[06/09/2026 12:40:00] hanhyort won  (ID: spruce_log, Weight: 10.0) from Simple Gacha (ID: simplegacha)
